Component: ARM Compiler 5.06 update 4 (build 422) Tool: armlink [4d35d2]

==============================================================================

Section Cross References

    main.o(.text) refers to _printf_percent.o(.ARM.Collect$$_printf_percent$$00000000) for _printf_percent
    main.o(.text) refers to _printf_f.o(.ARM.Collect$$_printf_percent$$00000003) for _printf_f
    main.o(.text) refers to printf1.o(x$fpl$printf1) for _printf_fp_dec
    main.o(.text) refers to _printf_x.o(.ARM.Collect$$_printf_percent$$0000000C) for _printf_x
    main.o(.text) refers to _printf_hex_int.o(.text) for _printf_longlong_hex
    main.o(.text) refers to delay.o(.text) for delay_init
    main.o(.text) refers to misc.o(.text) for NVIC_PriorityGroupConfig
    main.o(.text) refers to usart.o(.text) for uart_init
    main.o(.text) refers to lcd.o(.text) for LCD_Init
    main.o(.text) refers to key.o(.text) for KEY_Init
    main.o(.text) refers to rn8209g_spi.o(.text) for RN8209G_SPI_config
    main.o(.text) refers to stm32f10x_gpio.o(.text) for GPIO_ReadInputDataBit
    main.o(.text) refers to f2d.o(x$fpl$f2d) for __aeabi_f2d
    main.o(.text) refers to noretval__2sprintf.o(.text) for __2sprintf
    main.o(.text) refers to fflt_clz.o(x$fpl$ffltu) for __aeabi_ui2f
    main.o(.text) refers to system_stm32f10x.o(.data) for SystemCoreClock
    main.o(.text) refers to usmart_config.o(.data) for usmart_dev
    main.o(.text) refers to lcd.o(.data) for POINT_COLOR
    main.o(.text) refers to main.o(.data) for .data
    main.o(.text) refers to main.o(.bss) for .bss
    main.o(.text) refers to rn8209g_spi.o(.data) for TempIA
    main.o(.data) refers to main.o(.bss) for data_r
    system_stm32f10x.o(.text) refers to system_stm32f10x.o(.data) for .data
    led.o(.text) refers to stm32f10x_rcc.o(.text) for RCC_APB2PeriphClockCmd
    led.o(.text) refers to stm32f10x_gpio.o(.text) for GPIO_Init
    key.o(.text) refers to stm32f10x_rcc.o(.text) for RCC_APB2PeriphClockCmd
    key.o(.text) refers to stm32f10x_gpio.o(.text) for GPIO_Init
    key.o(.text) refers to delay.o(.text) for delay_ms
    key.o(.text) refers to key.o(.data) for .data
    lcd.o(.text) refers to _printf_percent.o(.ARM.Collect$$_printf_percent$$00000000) for _printf_percent
    lcd.o(.text) refers to _printf_x.o(.ARM.Collect$$_printf_percent$$0000000C) for _printf_x
    lcd.o(.text) refers to _printf_hex_int.o(.text) for _printf_longlong_hex
    lcd.o(.text) refers to delay.o(.text) for delay_us
    lcd.o(.text) refers to lcd.o(.bss) for .bss
    lcd.o(.text) refers to dflt_clz.o(x$fpl$dfltu) for __aeabi_ui2d
    lcd.o(.text) refers to dmul.o(x$fpl$dmul) for __aeabi_dmul
    lcd.o(.text) refers to dfixu.o(x$fpl$dfixu) for __aeabi_d2uiz
    lcd.o(.text) refers to lcd.o(.data) for .data
    lcd.o(.text) refers to stm32f10x_rcc.o(.text) for RCC_AHBPeriphClockCmd
    lcd.o(.text) refers to stm32f10x_gpio.o(.text) for GPIO_Init
    lcd.o(.text) refers to stm32f10x_fsmc.o(.text) for FSMC_NORSRAMInit
    lcd.o(.text) refers to noretval__2printf.o(.text) for __2printf
    lcd.o(.text) refers to lcd.o(.constdata) for .constdata
    rn8209g_spi.o(.text) refers to _printf_percent.o(.ARM.Collect$$_printf_percent$$00000000) for _printf_percent
    rn8209g_spi.o(.text) refers to _printf_x.o(.ARM.Collect$$_printf_percent$$0000000C) for _printf_x
    rn8209g_spi.o(.text) refers to _printf_hex_int.o(.text) for _printf_longlong_hex
    rn8209g_spi.o(.text) refers to stm32f10x_rcc.o(.text) for RCC_APB2PeriphClockCmd
    rn8209g_spi.o(.text) refers to stm32f10x_gpio.o(.text) for GPIO_Init
    rn8209g_spi.o(.text) refers to delay.o(.text) for delay_ms
    rn8209g_spi.o(.text) refers to noretval__2printf.o(.text) for __2printf
    rn8209g_spi.o(.text) refers to faddsub_clz.o(x$fpl$fadd) for __aeabi_fadd
    rn8209g_spi.o(.text) refers to fdiv.o(x$fpl$fdiv) for __aeabi_fdiv
    rn8209g_spi.o(.text) refers to fmul.o(x$fpl$fmul) for __aeabi_fmul
    rn8209g_spi.o(.text) refers to ffix.o(x$fpl$ffix) for __aeabi_f2iz
    rn8209g_spi.o(.text) refers to f2d.o(x$fpl$f2d) for __aeabi_f2d
    rn8209g_spi.o(.text) refers to ddiv.o(x$fpl$ddiv) for __aeabi_ddiv
    rn8209g_spi.o(.text) refers to asin.o(i.asin) for asin
    rn8209g_spi.o(.text) refers to drleqf.o(x$fpl$drleqf) for __aeabi_cdrcmple
    rn8209g_spi.o(.text) refers to daddsub_clz.o(x$fpl$dadd) for __aeabi_dadd
    rn8209g_spi.o(.text) refers to dfix.o(x$fpl$dfix) for __aeabi_d2iz
    rn8209g_spi.o(.text) refers to dflt_clz.o(x$fpl$dfltu) for __aeabi_ui2d
    rn8209g_spi.o(.text) refers to tan.o(i.tan) for tan
    rn8209g_spi.o(.text) refers to dmul.o(x$fpl$dmul) for __aeabi_dmul
    rn8209g_spi.o(.text) refers to fflt_clz.o(x$fpl$ffltu) for __aeabi_ui2f
    rn8209g_spi.o(.text) refers to faddsub_clz.o(x$fpl$fsub) for __aeabi_fsub
    rn8209g_spi.o(.text) refers to d2f.o(x$fpl$d2f) for __aeabi_d2f
    rn8209g_spi.o(.text) refers to fleqf.o(x$fpl$fleqf) for __aeabi_cfcmple
    rn8209g_spi.o(.text) refers to rn8209g_spi.o(.data) for .data
[...]
    uc_hextab                                0x0800c09a   Data          20  _printf_hex_int.o(.constdata)
    lc_hextab                                0x0800c0ae   Data          20  _printf_hex_int.o(.constdata)
    .constdata                               0x0800c0c2   Section       17  __printf_flags_ss_wp.o(.constdata)
    maptable                                 0x0800c0c2   Data          17  __printf_flags_ss_wp.o(.constdata)
    .constdata                               0x0800c0d8   Section       80  asin.o(.constdata)
    pS                                       0x0800c0d8   Data          48  asin.o(.constdata)
    qS                                       0x0800c108   Data          32  asin.o(.constdata)
    .constdata                               0x0800c128   Section      200  rred.o(.constdata)
    pio2s                                    0x0800c128   Data          48  rred.o(.constdata)
    twooverpi                                0x0800c158   Data         152  rred.o(.constdata)
    .constdata                               0x0800c1f0   Section       96  tan_i.o(.constdata)
    Todd                                     0x0800c1f0   Data          48  tan_i.o(.constdata)
    Teven                                    0x0800c220   Data          48  tan_i.o(.constdata)
    .constdata                               0x0800c250   Section      148  bigflt0.o(.constdata)
    tenpwrs_x                                0x0800c250   Data          60  bigflt0.o(.constdata)
    tenpwrs_i                                0x0800c28c   Data          64  bigflt0.o(.constdata)
    .conststring                             0x0800c2e4   Section       40  usmart.o(.conststring)
    .conststring                             0x0800c30c   Section      715  usmart_config.o(.conststring)
    locale$$data                             0x0800c5f8   Section       28  lc_numeric_c.o(locale$$data)
    __lcnum_c_name                           0x0800c5fc   Data           2  lc_numeric_c.o(locale$$data)
    __lcnum_c_start                          0x0800c604   Data           0  lc_numeric_c.o(locale$$data)
    __lcnum_c_point                          0x0800c610   Data           0  lc_numeric_c.o(locale$$data)
    __lcnum_c_thousands                      0x0800c612   Data           0  lc_numeric_c.o(locale$$data)
    __lcnum_c_grouping                       0x0800c613   Data           0  lc_numeric_c.o(locale$$data)
    __lcnum_c_end                            0x0800c614   Data           0  lc_numeric_c.o(locale$$data)
    .data                                    0x20000000   Section        1  main.o(.data)
    .data                                    0x20000004   Section       20  system_stm32f10x.o(.data)
    .data                                    0x20000018   Section        1  key.o(.data)
    key_up                                   0x20000018   Data           1  key.o(.data)
    .data                                    0x2000001a   Section        4  lcd.o(.data)
    .data                                    0x20000020   Section       84  rn8209g_spi.o(.data)
    .data                                    0x20000074   Section        4  delay.o(.data)
    fac_us                                   0x20000074   Data           1  delay.o(.data)
    fac_ms                                   0x20000076   Data           2  delay.o(.data)
    .data                                    0x20000078   Section        2  usart.o(.data)
    .data                                    0x2000007c   Section        4  usart.o(.data)
    .data                                    0x20000080   Section       20  stm32f10x_rcc.o(.data)
    ADCPrescTable                            0x20000080   Data           4  stm32f10x_rcc.o(.data)
    APBAHBPrescTable                         0x20000084   Data          16  stm32f10x_rcc.o(.data)
    .data                                    0x20000094   Section       28  usmart.o(.data)
    .data                                    0x200000b0   Section      144  usmart_config.o(.data)
    .data                                    0x20000140   Section      244  usmart_config.o(.data)
    .bss                                     0x20000234   Section       16  main.o(.bss)
    .bss                                     0x20000244   Section       50  main.o(.bss)
    .bss                                     0x20000276   Section       14  lcd.o(.bss)
    .bss                                     0x20000284   Section       76  rn8209g_spi.o(.bss)
    .bss                                     0x200002d0   Section      200  usart.o(.bss)
    .bss                                     0x20000398   Section       96  libspace.o(.bss)
    HEAP                                     0x200003f8   Section      512  startup_stm32f10x_hd.o(HEAP)
    Heap_Mem                                 0x200003f8   Data         512  startup_stm32f10x_hd.o(HEAP)
    STACK                                    0x200005f8   Section     1024  startup_stm32f10x_hd.o(STACK)
    Stack_Mem                                0x200005f8   Data        1024  startup_stm32f10x_hd.o(STACK)
    __initial_sp                             0x200009f8   Data           0  startup_stm32f10x_hd.o(STACK)

    Global Symbols

    Symbol Name                              Value     Ov Type        Size  Object(Section)

    BuildAttributes$$THM_ISAv4$P$D$K$B$S$PE$A:L22UL41UL21$X:L11$S22US41US21$IEEE1$IW$USESV6$~STKCKD$USESV7$~SHL$OTIME$ROPI$IEEEX$EBA8$UX$STANDARDLIB$REQ8$PRES8$EABIv2 0x00000000   Number         0  anon$$obj.o ABSOLUTE
    __ARM_use_no_argv                        0x00000000   Number         0  main.o ABSOLUTE
    _printf_flags                            0x00000000   Number         0  printf_stubs.o ABSOLUTE
    _printf_return_value                     0x00000000   Number         0  printf_stubs.o ABSOLUTE
    _printf_sizespec                         0x00000000   Number         0  printf_stubs.o ABSOLUTE
    _printf_widthprec                        0x00000000   Number         0  printf_stubs.o ABSOLUTE
    __ARM_exceptions_init                     - Undefined Weak Reference
    __alloca_initialize                       - Undefined Weak Reference
    __arm_preinit_                            - Undefined Weak Reference
    __cpp_initialize__aeabi_                  - Undefined Weak Reference
    __cxa_finalize                            - Undefined Weak Reference
    __sigvec_lookup                           - Undefined Weak Reference
    _atexit_init                              - Undefined Weak Reference
    _call_atexit_fns                          - Undefined Weak Reference
    _clock_init                               - Undefined Weak Reference
    _fp_trap_init                             - Undefined Weak Reference
    _fp_trap_shutdown                         - Undefined Weak Reference
    _get_lc_collate                           - Undefined Weak Reference
    _get_lc_ctype                             - Undefined Weak Reference
    _get_lc_monetary                          - Undefined Weak Reference
    _get_lc_time                              - Undefined Weak Reference
    _getenv_init                              - Undefined Weak Reference
    _handle_redirection                       - Undefined Weak Reference
    _init_alloc                               - Undefined Weak Reference
    _init_user_alloc                          - Undefined Weak Reference
    _initio                                   - Undefined Weak Reference
    _mutex_acquire                            - Undefined Weak Reference
    _mutex_release                            - Undefined Weak Reference
    _printf_mbtowc                            - Undefined Weak Reference
    _printf_truncate_signed                   - Undefined Weak Reference
    _printf_truncate_unsigned                 - Undefined Weak Reference
    _rand_init                                - Undefined Weak Reference
    _signal_finish                            - Undefined Weak Reference
    _signal_init                              - Undefined Weak Reference
    _terminate_alloc                          - Undefined Weak Reference
    _terminate_user_alloc                     - Undefined Weak Reference
    _terminateio                              - Undefined Weak Reference
    __Vectors_Size                           0x00000130   Number         0  startup_stm32f10x_hd.o ABSOLUTE
    __Vectors                                0x08000000   Data           4  startup_stm32f10x_hd.o(RESET)
    __Vectors_End                            0x08000130   Data           0  startup_stm32f10x_hd.o(RESET)
    __main                                   0x08000131   Thumb Code     8  __main.o(!!!main)
    __scatterload                            0x08000139   Thumb Code     0  __scatter.o(!!!scatter)
    __scatterload_rt2                        0x08000139   Thumb Code    44  __scatter.o(!!!scatter)
    __scatterload_rt2_thumb_only             0x08000139   Thumb Code     0  __scatter.o(!!!scatter)
    __scatterload_null                       0x08000147   Thumb Code     0  __scatter.o(!!!scatter)
    __decompress                             0x0800016d   Thumb Code    90  __dczerorl2.o(!!dczerorl2)
    __decompress1                            0x0800016d   Thumb Code     0  __dczerorl2.o(!!dczerorl2)
    __scatterload_zeroinit                   0x080001c9   Thumb Code    28  __scatter_zi.o(!!handler_zi)
    _printf_f                                0x080001e5   Thumb Code     0  _printf_f.o(.ARM.Collect$$_printf_percent$$00000003)
    _printf_percent                          0x080001e5   Thumb Code     0  _printf_percent.o(.ARM.Collect$$_printf_percent$$00000000)
    _printf_d                                0x080001eb   Thumb Code     0  _printf_d.o(.ARM.Collect$$_printf_percent$$00000009)
    _printf_u                                0x080001f1   Thumb Code     0  _printf_u.o(.ARM.Collect$$_printf_percent$$0000000A)
    _printf_x                                0x080001f7   Thumb Code     0  _printf_x.o(.ARM.Collect$$_printf_percent$$0000000C)
    _printf_c                                0x080001fd   Thumb Code     0  _printf_c.o(.ARM.Collect$$_printf_percent$$00000013)
    _printf_s                                0x08000203   Thumb Code     0  _printf_s.o(.ARM.Collect$$_printf_percent$$00000014)
    _printf_percent_end                      0x08000209   Thumb Code     0  _printf_percent_end.o(.ARM.Collect$$_printf_percent$$00000017)
    __rt_lib_init                            0x0800020d   Thumb Code     0  libinit.o(.ARM.Collect$$libinit$$00000000)
    __rt_lib_init_fp_1                       0x0800020f   Thumb Code     0  libinit2.o(.ARM.Collect$$libinit$$00000002)
    __rt_lib_init_heap_1                     0x0800020f   Thumb Code     0  libinit2.o(.ARM.Collect$$libinit$$0000000A)
    __rt_lib_init_lc_common                  0x0800020f   Thumb Code     0  libinit2.o(.ARM.Collect$$libinit$$0000000F)
    __rt_lib_init_preinit_1                  0x0800020f   Thumb Code     0  libinit2.o(.ARM.Collect$$libinit$$00000004)
    __rt_lib_init_rand_1                     0x0800020f   Thumb Code     0  libinit2.o(.ARM.Collect$$libinit$$0000000E)
    __rt_lib_init_user_alloc_1               0x0800020f   Thumb Code     0  libinit2.o(.ARM.Collect$$libinit$$0000000C)
    __rt_lib_init_lc_collate_1               0x08000215   Thumb Code     0  libinit2.o(.ARM.Collect$$libinit$$00000011)
    __rt_lib_init_lc_ctype_1                 0x08000215   Thumb Code     0  libinit2.o(.ARM.Collect$$libinit$$00000013)
    __rt_lib_init_lc_monetary_1              0x08000215   Thumb Code     0  libinit2.o(.ARM.Collect$$libinit$$00000015)
    __rt_lib_init_lc_numeric_2               0x08000215   Thumb Code     0  libinit2.o(.ARM.Collect$$libinit$$00000016)
    __rt_lib_init_alloca_1                   0x0800021f   Thumb Code     0  libinit2.o(.ARM.Collect$$libinit$$0000002E)
    __rt_lib_init_argv_1                     0x0800021f   Thumb Code     0  libinit2.o(.ARM.Collect$$libinit$$0000002C)
    __rt_lib_init_atexit_1                   0x0800021f   Thumb Code     0  libinit2.o(.ARM.Collect$$libinit$$0000001B)
    __rt_lib_init_clock_1                    0x0800021f   Thumb Code     0  libinit2.o(.ARM.Collect$$libinit$$00000021)
    __rt_lib_init_cpp_1                      0x0800021f   Thumb Code     0  libinit2.o(.ARM.Collect$$libinit$$00000032)
    __rt_lib_init_exceptions_1               0x0800021f   Thumb Code     0  libinit2.o(.ARM.Collect$$libinit$$00000030)
    __rt_lib_init_fp_trap_1                  0x0800021f   Thumb Code     0  libinit2.o(.ARM.Collect$$libinit$$0000001F)
    __rt_lib_init_getenv_1                   0x0800021f   Thumb Code     0  libinit2.o(.ARM.Collect$$libinit$$00000023)
    __rt_lib_init_lc_numeric_1               0x0800021f   Thumb Code     0  libinit2.o(.ARM.Collect$$libinit$$00000017)
    __rt_lib_init_lc_time_1                  0x0800021f   Thumb Code     0  libinit2.o(.ARM.Collect$$libinit$$00000019)
    __rt_lib_init_return                     0x0800021f   Thumb Code     0  libinit2.o(.ARM.Collect$$libinit$$00000033)
    __rt_lib_init_signal_1                   0x0800021f   Thumb Code     0  libinit2.o(.ARM.Collect$$libinit$$0000001D)
    __rt_lib_init_stdio_1                    0x0800021f   Thumb Code     0  libinit2.o(.ARM.Collect$$libinit$$00000025)
    __rt_lib_shutdown                        0x08000221   Thumb Code     0  libshutdown.o(.ARM.Collect$$libshutdown$$00000000)
    __rt_lib_shutdown_cpp_1                  0x08000223   Thumb Code     0  libshutdown2.o(.ARM.Collect$$libshutdown$$00000002)
    __rt_lib_shutdown_fp_trap_1              0x08000223   Thumb Code     0  libshutdown2.o(.ARM.Collect$$libshutdown$$00000007)
    __rt_lib_shutdown_heap_1                 0x08000223   Thumb Code     0  libshutdown2.o(.ARM.Collect$$libshutdown$$0000000F)
    __rt_lib_shutdown_return                 0x08000223   Thumb Code     0  libshutdown2.o(.ARM.Collect$$libshutdown$$00000010)
    __rt_lib_shutdown_signal_1               0x08000223   Thumb Code     0  libshutdown2.o(.ARM.Collect$$libshutdown$$0000000A)
    __rt_lib_shutdown_stdio_1                0x08000223   Thumb Code     0  libshutdown2.o(.ARM.Collect$$libshutdown$$00000004)
    __rt_lib_shutdown_user_alloc_1           0x08000223   Thumb Code     0  libshutdown2.o(.ARM.Collect$$libshutdown$$0000000C)
    __rt_entry                               0x08000225   Thumb Code     0  __rtentry.o(.ARM.Collect$$rtentry$$00000000)
    __rt_entry_presh_1                       0x08000225   Thumb Code     0  __rtentry2.o(.ARM.Collect$$rtentry$$00000002)
    __rt_entry_sh                            0x08000225   Thumb Code     0  __rtentry4.o(.ARM.Collect$$rtentry$$00000004)
    __rt_entry_li                            0x0800022b   Thumb Code     0  __rtentry2.o(.ARM.Collect$$rtentry$$0000000A)
    __rt_entry_postsh_1                      0x0800022b   Thumb Code     0  __rtentry2.o(.ARM.Collect$$rtentry$$00000009)
    __rt_entry_main                          0x0800022f   Thumb Code     0  __rtentry2.o(.ARM.Collect$$rtentry$$0000000D)
    __rt_entry_postli_1                      0x0800022f   Thumb Code     0  __rtentry2.o(.ARM.Collect$$rtentry$$0000000C)
    __rt_exit                                0x08000237   Thumb Code     0  rtexit.o(.ARM.Collect$$rtexit$$00000000)
    __rt_exit_ls                             0x08000239   Thumb Code     0  rtexit2.o(.ARM.Collect$$rtexit$$00000003)
    __rt_exit_prels_1                        0x08000239   Thumb Code     0  rtexit2.o(.ARM.Collect$$rtexit$$00000002)
    __rt_exit_exit                           0x0800023d   Thumb Code     0  rtexit2.o(.ARM.Collect$$rtexit$$00000004)
    main                                     0x08000245   Thumb Code   882  main.o(.text)
    NMI_Handler                              0x080006ad   Thumb Code     2  stm32f10x_it.o(.text)
    HardFault_Handler                        0x080006af   Thumb Code     2  stm32f10x_it.o(.text)
    MemManage_Handler                        0x080006b1   Thumb Code     2  stm32f10x_it.o(.text)
    BusFault_Handler                         0x080006b3   Thumb Code     2  stm32f10x_it.o(.text)
    UsageFault_Handler                       0x080006b5   Thumb Code     2  stm32f10x_it.o(.text)
    SVC_Handler                              0x080006b7   Thumb Code     2  stm32f10x_it.o(.text)
    DebugMon_Handler                         0x080006b9   Thumb Code     2  stm32f10x_it.o(.text)
    PendSV_Handler                           0x080006bb   Thumb Code     2  stm32f10x_it.o(.text)
    SysTick_Handler                          0x080006bd   Thumb Code     2  stm32f10x_it.o(.text)
    SystemInit                               0x08000761   Thumb Code    64  system_stm32f10x.o(.text)
    SystemCoreClockUpdate                    0x080007a1   Thumb Code    86  system_stm32f10x.o(.text)
    KEY_Init                                 0x08000819   Thumb Code    72  key.o(.text)
    KEY_Scan                                 0x08000861   Thumb Code   190  key.o(.text)
    LCD_WR_REG                               0x0800092d   Thumb Code     6  lcd.o(.text)
    LCD_WR_DATA                              0x08000933   Thumb Code     8  lcd.o(.text)
    LCD_RD_DATA                              0x0800093b   Thumb Code    18  lcd.o(.text)
    LCD_WriteReg                             0x0800094d   Thumb Code    10  lcd.o(.text)
    LCD_ReadReg                              0x08000957   Thumb Code    18  lcd.o(.text)
    LCD_WriteRAM_Prepare                     0x08000969   Thumb Code    10  lcd.o(.text)
    LCD_WriteRAM                             0x08000973   Thumb Code     8  lcd.o(.text)
    LCD_BGR2RGB                              0x0800097b   Thumb Code    18  lcd.o(.text)
    opt_delay                                0x0800098d   Thumb Code     8  lcd.o(.text)
    LCD_SetCursor                            0x08000995   Thumb Code   318  lcd.o(.text)
    LCD_ReadPoint                            0x08000ad3   Thumb Code   260  lcd.o(.text)
    LCD_DisplayOn                            0x08000bd7   Thumb Code    66  lcd.o(.text)
    LCD_DisplayOff                           0x08000c19   Thumb Code    64  lcd.o(.text)
    LCD_Scan_Dir                             0x08000c59   Thumb Code   422  lcd.o(.text)
    LCD_DrawPoint                            0x08000dff   Thumb Code    22  lcd.o(.text)
    LCD_Fast_DrawPoint                       0x08000e15   Thumb Code   276  lcd.o(.text)
    LCD_SSD_BackLightSet                     0x08000f29   Thumb Code    50  lcd.o(.text)
    LCD_Display_Dir                          0x08000f5b   Thumb Code   302  lcd.o(.text)
    LCD_Set_Window                           0x08001089   Thumb Code   390  lcd.o(.text)
    LCD_Clear                                0x0800120f   Thumb Code   102  lcd.o(.text)
    LCD_Init                                 0x08001275   Thumb Code 11818  lcd.o(.text)
    LCD_Fill                                 0x0800409f   Thumb Code   132  lcd.o(.text)
    LCD_Color_Fill                           0x08004123   Thumb Code    84  lcd.o(.text)
    LCD_DrawLine                             0x08004177   Thumb Code   150  lcd.o(.text)
    LCD_DrawRectangle                        0x0800420d   Thumb Code    54  lcd.o(.text)
    LCD_Draw_Circle                          0x08004243   Thumb Code   176  lcd.o(.text)
    LCD_ShowChar                             0x080042f3   Thumb Code   182  lcd.o(.text)
    LCD_Pow                                  0x080043a9   Thumb Code    16  lcd.o(.text)
    LCD_ShowNum                              0x080043b9   Thumb Code   116  lcd.o(.text)
    LCD_ShowxNum                             0x0800442d   Thumb Code   158  lcd.o(.text)
    LCD_ShowString                           0x080044cb   Thumb Code    82  lcd.o(.text)
    RN8209G_SPI_config                       0x0800451d   Thumb Code    82  rn8209g_spi.o(.text)
    RN8209_ReadData                          0x0800456f   Thumb Code   584  rn8209g_spi.o(.text)
    RN8209_WriteData                         0x080047b7   Thumb Code   580  rn8209g_spi.o(.text)
    RN8209_Parameter_Adjust                  0x080049fb   Thumb Code    66  rn8209g_spi.o(.text)
    RN8209_ActivePower_Adjust                0x08004a3d   Thumb Code   222  rn8209g_spi.o(.text)
    RN8209_ReactivePower_Adjust              0x08004b1b   Thumb Code   146  rn8209g_spi.o(.text)
    RN8209_Rms_Adjust                        0x08004bad   Thumb Code    54  rn8209g_spi.o(.text)
    RN8209_Count_Kx                          0x08004be3   Thumb Code   160  rn8209g_spi.o(.text)
    RN8209_KZ                                0x08004c83   Thumb Code    38  rn8209g_spi.o(.text)
    RN8209_PowerEnergyCount                  0x08004ca9   Thumb Code   142  rn8209g_spi.o(.text)
    RN8209_DC_Config                         0x08004d37   Thumb Code    24  rn8209g_spi.o(.text)
    RN8209_DC_Adjust                         0x08004d4f   Thumb Code   360  rn8209g_spi.o(.text)
    RN8209_readIA_RMS                        0x08004eb7   Thumb Code    14  rn8209g_spi.o(.text)
    delay_init                               0x08004ec9   Thumb Code    46  delay.o(.text)
    delay_us                                 0x08004ef7   Thumb Code    46  delay.o(.text)
    delay_ms                                 0x08004f25   Thumb Code    46  delay.o(.text)
    _sys_exit                                0x08004f61   Thumb Code     2  usart.o(.text)
    fputc                                    0x08004f63   Thumb Code    18  usart.o(.text)
    uart_init                                0x08004f75   Thumb Code   152  usart.o(.text)
    USART1_IRQHandler                        0x0800500d   Thumb Code    88  usart.o(.text)
    Reset_Handler                            0x08005075   Thumb Code     8  startup_stm32f10x_hd.o(.text)
    ADC1_2_IRQHandler                        0x0800508f   Thumb Code     0  startup_stm32f10x_hd.o(.text)
    ADC3_IRQHandler                          0x0800508f   Thumb Code     0  startup_stm32f10x_hd.o(.text)
    CAN1_RX1_IRQHandler                      0x0800508f   Thumb Code     0  startup_stm32f10x_hd.o(.text)
    CAN1_SCE_IRQHandler                      0x0800508f   Thumb Code     0  startup_stm32f10x_hd.o(.text)
    DMA1_Channel1_IRQHandler                 0x0800508f   Thumb Code     0  startup_stm32f10x_hd.o(.text)
    DMA1_Channel2_IRQHandler                 0x0800508f   Thumb Code     0  startup_stm32f10x_hd.o(.text)
    DMA1_Channel3_IRQHandler                 0x0800508f   Thumb Code     0  startup_stm32f10x_hd.o(.text)
    DMA1_Channel4_IRQHandler                 0x0800508f   Thumb Code     0  startup_stm32f10x_hd.o(.text)
    DMA1_Channel5_IRQHandler                 0x0800508f   Thumb Code     0  startup_stm32f10x_hd.o(.text)
    DMA1_Channel6_IRQHandler                 0x0800508f   Thumb Code     0  startup_stm32f10x_hd.o(.text)
    DMA1_Channel7_IRQHandler                 0x0800508f   Thumb Code     0  startup_stm32f10x_hd.o(.text)
    DMA2_Channel1_IRQHandler                 0x0800508f   Thumb Code     0  startup_stm32f10x_hd.o(.text)
    DMA2_Channel2_IRQHandler                 0x0800508f   Thumb Code     0  startup_stm32f10x_hd.o(.text)
    DMA2_Channel3_IRQHandler                 0x0800508f   Thumb Code     0  startup_stm32f10x_hd.o(.text)
    DMA2_Channel4_5_IRQHandler               0x0800508f   Thumb Code     0  startup_stm32f10x_hd.o(.text)
    EXTI0_IRQHandler                         0x0800508f   Thumb Code     0  startup_stm32f10x_hd.o(.text)
    EXTI15_10_IRQHandler                     0x0800508f   Thumb Code     0  startup_stm32f10x_hd.o(.text)
    EXTI1_IRQHandler                         0x0800508f   Thumb Code     0  startup_stm32f10x_hd.o(.text)
    EXTI2_IRQHandler                         0x0800508f   Thumb Code     0  startup_stm32f10x_hd.o(.text)
    EXTI3_IRQHandler                         0x0800508f   Thumb Code     0  startup_stm32f10x_hd.o(.text)
    EXTI4_IRQHandler                         0x0800508f   Thumb Code     0  startup_stm32f10x_hd.o(.text)
    EXTI9_5_IRQHandler                       0x0800508f   Thumb Code     0  startup_stm32f10x_hd.o(.text)
    FLASH_IRQHandler                         0x0800508f   Thumb Code     0  startup_stm32f10x_hd.o(.text)
    FSMC_IRQHandler                          0x0800508f   Thumb Code     0  startup_stm32f10x_hd.o(.text)
    I2C1_ER_IRQHandler                       0x0800508f   Thumb Code     0  startup_stm32f10x_hd.o(.text)
    I2C1_EV_IRQHandler                       0x0800508f   Thumb Code     0  startup_stm32f10x_hd.o(.text)
    I2C2_ER_IRQHandler                       0x0800508f   Thumb Code     0  startup_stm32f10x_hd.o(.text)
    I2C2_EV_IRQHandler                       0x0800508f   Thumb Code     0  startup_stm32f10x_hd.o(.text)
    PVD_IRQHandler                           0x0800508f   Thumb Code     0  startup_stm32f10x_hd.o(.text)
    RCC_IRQHandler                           0x0800508f   Thumb Code     0  startup_stm32f10x_hd.o(.text)
    RTCAlarm_IRQHandler                      0x0800508f   Thumb Code     0  startup_stm32f10x_hd.o(.text)
    RTC_IRQHandler                           0x0800508f   Thumb Code     0  startup_stm32f10x_hd.o(.text)
    SDIO_IRQHandler                          0x0800508f   Thumb Code     0  startup_stm32f10x_hd.o(.text)
    SPI1_IRQHandler                          0x0800508f   Thumb Code     0  startup_stm32f10x_hd.o(.text)
    SPI2_IRQHandler                          0x0800508f   Thumb Code     0  startup_stm32f10x_hd.o(.text)
    SPI3_IRQHandler                          0x0800508f   Thumb Code     0  startup_stm32f10x_hd.o(.text)
    TAMPER_IRQHandler                        0x0800508f   Thumb Code     0  startup_stm32f10x_hd.o(.text)
    TIM1_BRK_IRQHandler                      0x0800508f   Thumb Code     0  startup_stm32f10x_hd.o(.text)
    TIM1_CC_IRQHandler                       0x0800508f   Thumb Code     0  startup_stm32f10x_hd.o(.text)
    TIM1_TRG_COM_IRQHandler                  0x0800508f   Thumb Code     0  startup_stm32f10x_hd.o(.text)
    TIM1_UP_IRQHandler                       0x0800508f   Thumb Code     0  startup_stm32f10x_hd.o(.text)
    TIM2_IRQHandler                          0x0800508f   Thumb Code     0  startup_stm32f10x_hd.o(.text)
    TIM3_IRQHandler                          0x0800508f   Thumb Code     0  startup_stm32f10x_hd.o(.text)
    TIM5_IRQHandler                          0x0800508f   Thumb Code     0  startup_stm32f10x_hd.o(.text)
    TIM6_IRQHandler                          0x0800508f   Thumb Code     0  startup_stm32f10x_hd.o(.text)
    TIM7_IRQHandler                          0x0800508f   Thumb Code     0  startup_stm32f10x_hd.o(.text)
    TIM8_BRK_IRQHandler                      0x0800508f   Thumb Code     0  startup_stm32f10x_hd.o(.text)
    TIM8_CC_IRQHandler                       0x0800508f   Thumb Code     0  startup_stm32f10x_hd.o(.text)
    TIM8_TRG_COM_IRQHandler                  0x0800508f   Thumb Code     0  startup_stm32f10x_hd.o(.text)
    TIM8_UP_IRQHandler                       0x0800508f   Thumb Code     0  startup_stm32f10x_hd.o(.text)
    UART4_IRQHandler                         0x0800508f   Thumb Code     0  startup_stm32f10x_hd.o(.text)
    UART5_IRQHandler                         0x0800508f   Thumb Code     0  startup_stm32f10x_hd.o(.text)
    USART2_IRQHandler                        0x0800508f   Thumb Code     0  startup_stm32f10x_hd.o(.text)
    USART3_IRQHandler                        0x0800508f   Thumb Code     0  startup_stm32f10x_hd.o(.text)
    USBWakeUp_IRQHandler                     0x0800508f   Thumb Code     0  startup_stm32f10x_hd.o(.text)
    USB_HP_CAN1_TX_IRQHandler                0x0800508f   Thumb Code     0  startup_stm32f10x_hd.o(.text)
    USB_LP_CAN1_RX0_IRQHandler               0x0800508f   Thumb Code     0  startup_stm32f10x_hd.o(.text)
    WWDG_IRQHandler                          0x0800508f   Thumb Code     0  startup_stm32f10x_hd.o(.text)
    __user_initial_stackheap                 0x08005091   Thumb Code     0  startup_stm32f10x_hd.o(.text)
    NVIC_PriorityGroupConfig                 0x080050b5   Thumb Code    10  misc.o(.text)
    NVIC_Init                                0x080050bf   Thumb Code    94  misc.o(.text)
    NVIC_SetVectorTable                      0x0800511d   Thumb Code    14  misc.o(.text)
    NVIC_SystemLPConfig                      0x0800512b   Thumb Code    20  misc.o(.text)
    SysTick_CLKSourceConfig                  0x0800513f   Thumb Code    24  misc.o(.text)
    FSMC_NORSRAMDeInit                       0x08005165   Thumb Code    38  stm32f10x_fsmc.o(.text)
    FSMC_NANDDeInit                          0x0800518b   Thumb Code    40  stm32f10x_fsmc.o(.text)
    FSMC_PCCARDDeInit                        0x080051b3   Thumb Code    26  stm32f10x_fsmc.o(.text)
    FSMC_NORSRAMInit                         0x080051cd   Thumb Code   200  stm32f10x_fsmc.o(.text)
    FSMC_NANDInit                            0x08005295   Thumb Code   104  stm32f10x_fsmc.o(.text)
    FSMC_PCCARDInit                          0x080052fd   Thumb Code   102  stm32f10x_fsmc.o(.text)
    FSMC_NORSRAMStructInit                   0x08005363   Thumb Code    98  stm32f10x_fsmc.o(.text)
    FSMC_NANDStructInit                      0x080053c5   Thumb Code    54  stm32f10x_fsmc.o(.text)
    FSMC_PCCARDStructInit                    0x080053fb   Thumb Code    60  stm32f10x_fsmc.o(.text)
    FSMC_NORSRAMCmd                          0x08005437   Thumb Code    26  stm32f10x_fsmc.o(.text)
    FSMC_NANDCmd                             0x08005451   Thumb Code    54  stm32f10x_fsmc.o(.text)
    FSMC_PCCARDCmd                           0x08005487   Thumb Code    28  stm32f10x_fsmc.o(.text)
    FSMC_NANDECCCmd                          0x080054a3   Thumb Code    54  stm32f10x_fsmc.o(.text)
    FSMC_GetECC                              0x080054d9   Thumb Code    18  stm32f10x_fsmc.o(.text)
    FSMC_ITConfig                            0x080054eb   Thumb Code    72  stm32f10x_fsmc.o(.text)
    FSMC_GetFlagStatus                       0x08005533   Thumb Code    40  stm32f10x_fsmc.o(.text)
    FSMC_ClearFlag                           0x0800555b   Thumb Code    38  stm32f10x_fsmc.o(.text)
    FSMC_GetITStatus                         0x08005581   Thumb Code    48  stm32f10x_fsmc.o(.text)
    FSMC_ClearITPendingBit                   0x080055b1   Thumb Code    42  stm32f10x_fsmc.o(.text)
    GPIO_DeInit                              0x080055e1   Thumb Code   152  stm32f10x_gpio.o(.text)
    GPIO_AFIODeInit                          0x08005679   Thumb Code    22  stm32f10x_gpio.o(.text)
    GPIO_Init                                0x0800568f   Thumb Code   156  stm32f10x_gpio.o(.text)
    GPIO_StructInit                          0x0800572b   Thumb Code    16  stm32f10x_gpio.o(.text)
    GPIO_ReadInputDataBit                    0x0800573b   Thumb Code    14  stm32f10x_gpio.o(.text)
    GPIO_ReadInputData                       0x08005749   Thumb Code     6  stm32f10x_gpio.o(.text)
    GPIO_ReadOutputDataBit                   0x0800574f   Thumb Code    14  stm32f10x_gpio.o(.text)
    GPIO_ReadOutputData                      0x0800575d   Thumb Code     6  stm32f10x_gpio.o(.text)
    GPIO_SetBits                             0x08005763   Thumb Code     4  stm32f10x_gpio.o(.text)
    GPIO_ResetBits                           0x08005767   Thumb Code     4  stm32f10x_gpio.o(.text)
    GPIO_WriteBit                            0x0800576b   Thumb Code    10  stm32f10x_gpio.o(.text)
    GPIO_Write                               0x08005775   Thumb Code     4  stm32f10x_gpio.o(.text)
    GPIO_PinLockConfig                       0x08005779   Thumb Code    16  stm32f10x_gpio.o(.text)
    GPIO_EventOutputConfig                   0x08005789   Thumb Code    22  stm32f10x_gpio.o(.text)
    GPIO_EventOutputCmd                      0x0800579f   Thumb Code     6  stm32f10x_gpio.o(.text)
    GPIO_PinRemapConfig                      0x080057a5   Thumb Code    82  stm32f10x_gpio.o(.text)
    GPIO_EXTILineConfig                      0x080057f7   Thumb Code    34  stm32f10x_gpio.o(.text)
    GPIO_ETH_MediaInterfaceConfig            0x08005819   Thumb Code     8  stm32f10x_gpio.o(.text)
    RCC_DeInit                               0x08005845   Thumb Code    50  stm32f10x_rcc.o(.text)
    RCC_HSEConfig                            0x08005877   Thumb Code    48  stm32f10x_rcc.o(.text)
    RCC_GetFlagStatus                        0x080058a7   Thumb Code    42  stm32f10x_rcc.o(.text)
    RCC_WaitForHSEStartUp                    0x080058d1   Thumb Code    44  stm32f10x_rcc.o(.text)
    RCC_AdjustHSICalibrationValue            0x080058fd   Thumb Code    16  stm32f10x_rcc.o(.text)
    RCC_HSICmd                               0x0800590d   Thumb Code     6  stm32f10x_rcc.o(.text)
    RCC_PLLConfig                            0x08005913   Thumb Code    16  stm32f10x_rcc.o(.text)
    RCC_PLLCmd                               0x08005923   Thumb Code     6  stm32f10x_rcc.o(.text)
    RCC_SYSCLKConfig                         0x08005929   Thumb Code    14  stm32f10x_rcc.o(.text)
    RCC_GetSYSCLKSource                      0x08005937   Thumb Code    10  stm32f10x_rcc.o(.text)
    RCC_HCLKConfig                           0x08005941   Thumb Code    14  stm32f10x_rcc.o(.text)
    RCC_PCLK1Config                          0x0800594f   Thumb Code    14  stm32f10x_rcc.o(.text)
    RCC_PCLK2Config                          0x0800595d   Thumb Code    16  stm32f10x_rcc.o(.text)
    RCC_ITConfig                             0x0800596d   Thumb Code    18  stm32f10x_rcc.o(.text)
    RCC_USBCLKConfig                         0x0800597f   Thumb Code     8  stm32f10x_rcc.o(.text)
    RCC_ADCCLKConfig                         0x08005987   Thumb Code    14  stm32f10x_rcc.o(.text)
    RCC_LSEConfig                            0x08005995   Thumb Code    28  stm32f10x_rcc.o(.text)
    RCC_LSICmd                               0x080059b1   Thumb Code     6  stm32f10x_rcc.o(.text)
    RCC_RTCCLKConfig                         0x080059b7   Thumb Code    10  stm32f10x_rcc.o(.text)
    RCC_RTCCLKCmd                            0x080059c1   Thumb Code     8  stm32f10x_rcc.o(.text)
    RCC_GetClocksFreq                        0x080059c9   Thumb Code   132  stm32f10x_rcc.o(.text)
    RCC_AHBPeriphClockCmd                    0x08005a4d   Thumb Code    18  stm32f10x_rcc.o(.text)
    RCC_APB2PeriphClockCmd                   0x08005a5f   Thumb Code    18  stm32f10x_rcc.o(.text)
    RCC_APB1PeriphClockCmd                   0x08005a71   Thumb Code    18  stm32f10x_rcc.o(.text)
    RCC_APB2PeriphResetCmd                   0x08005a83   Thumb Code    18  stm32f10x_rcc.o(.text)
    RCC_APB1PeriphResetCmd                   0x08005a95   Thumb Code    18  stm32f10x_rcc.o(.text)
    RCC_BackupResetCmd                       0x08005aa7   Thumb Code     8  stm32f10x_rcc.o(.text)
    RCC_ClockSecuritySystemCmd               0x08005aaf   Thumb Code     6  stm32f10x_rcc.o(.text)
    RCC_MCOConfig                            0x08005ab5   Thumb Code     6  stm32f10x_rcc.o(.text)
    RCC_ClearFlag                            0x08005abb   Thumb Code    12  stm32f10x_rcc.o(.text)
    RCC_GetITStatus                          0x08005ac7   Thumb Code    16  stm32f10x_rcc.o(.text)
    RCC_ClearITPendingBit                    0x08005ad7   Thumb Code     6  stm32f10x_rcc.o(.text)
    TIM_DeInit                               0x08005afd   Thumb Code   304  stm32f10x_tim.o(.text)
    TIM_TimeBaseInit                         0x08005c2d   Thumb Code   114  stm32f10x_tim.o(.text)
    TIM_OC1Init                              0x08005c9f   Thumb Code   106  stm32f10x_tim.o(.text)
    TIM_OC2Init                              0x08005d09   Thumb Code   120  stm32f10x_tim.o(.text)
    TIM_OC3Init                              0x08005d81   Thumb Code   116  stm32f10x_tim.o(.text)
    TIM_OC4Init                              0x08005df5   Thumb Code    90  stm32f10x_tim.o(.text)
    TIM_SetIC4Prescaler                      0x08005e4f   Thumb Code    24  stm32f10x_tim.o(.text)
    TIM_SetIC3Prescaler                      0x08005e67   Thumb Code    16  stm32f10x_tim.o(.text)
    TIM_SetIC2Prescaler                      0x08005e77   Thumb Code    24  stm32f10x_tim.o(.text)
    TIM_SetIC1Prescaler                      0x08005f35   Thumb Code    16  stm32f10x_tim.o(.text)
    TIM_ICInit                               0x08005f9d   Thumb Code   270  stm32f10x_tim.o(.text)
    TIM_PWMIConfig                           0x080060ab   Thumb Code   104  stm32f10x_tim.o(.text)
    TIM_BDTRConfig                           0x08006113   Thumb Code    34  stm32f10x_tim.o(.text)
    TIM_TimeBaseStructInit                   0x08006135   Thumb Code    18  stm32f10x_tim.o(.text)
    TIM_OCStructInit                         0x08006147   Thumb Code    20  stm32f10x_tim.o(.text)
    TIM_ICStructInit                         0x0800615b   Thumb Code    16  stm32f10x_tim.o(.text)
    TIM_BDTRStructInit                       0x0800616b   Thumb Code    18  stm32f10x_tim.o(.text)
    TIM_Cmd                                  0x0800617d   Thumb Code    20  stm32f10x_tim.o(.text)
    TIM_CtrlPWMOutputs                       0x08006191   Thumb Code    22  stm32f10x_tim.o(.text)
    TIM_ITConfig                             0x080061a7   Thumb Code    16  stm32f10x_tim.o(.text)
    TIM_GenerateEvent                        0x080061b7   Thumb Code     4  stm32f10x_tim.o(.text)
    TIM_DMAConfig                            0x080061bb   Thumb Code     8  stm32f10x_tim.o(.text)
    TIM_DMACmd                               0x080061c3   Thumb Code    16  stm32f10x_tim.o(.text)
    TIM_InternalClockConfig                  0x080061d3   Thumb Code    10  stm32f10x_tim.o(.text)
    TIM_SelectInputTrigger                   0x080061dd   Thumb Code    12  stm32f10x_tim.o(.text)
    TIM_ITRxExternalClockConfig              0x080061e9   Thumb Code    18  stm32f10x_tim.o(.text)
    TIM_TIxExternalClockConfig               0x080061fb   Thumb Code    46  stm32f10x_tim.o(.text)
    TIM_ETRConfig                            0x08006229   Thumb Code    24  stm32f10x_tim.o(.text)
    TIM_ETRClockMode1Config                  0x08006241   Thumb Code    18  stm32f10x_tim.o(.text)
    TIM_ETRClockMode2Config                  0x08006253   Thumb Code    18  stm32f10x_tim.o(.text)
    TIM_PrescalerConfig                      0x08006265   Thumb Code     6  stm32f10x_tim.o(.text)
    TIM_CounterModeConfig                    0x0800626b   Thumb Code    12  stm32f10x_tim.o(.text)
    TIM_EncoderInterfaceConfig               0x08006277   Thumb Code    50  stm32f10x_tim.o(.text)
    TIM_ForcedOC1Config                      0x080062a9   Thumb Code    12  stm32f10x_tim.o(.text)
    TIM_ForcedOC2Config                      0x080062b5   Thumb Code    20  stm32f10x_tim.o(.text)
    TIM_ForcedOC3Config                      0x080062c9   Thumb Code    12  stm32f10x_tim.o(.text)
    TIM_ForcedOC4Config                      0x080062d5   Thumb Code    20  stm32f10x_tim.o(.text)
    TIM_ARRPreloadConfig                     0x080062e9   Thumb Code    20  stm32f10x_tim.o(.text)
    TIM_SelectCOM                            0x080062fd   Thumb Code    20  stm32f10x_tim.o(.text)
    TIM_SelectCCDMA                          0x08006311   Thumb Code    20  stm32f10x_tim.o(.text)
    TIM_CCPreloadControl                     0x08006325   Thumb Code    20  stm32f10x_tim.o(.text)
    TIM_OC1PreloadConfig                     0x08006339   Thumb Code    32  stm32f10x_tim.o(.text)
    TIM_OC2PreloadConfig                     0x08006359   Thumb Code    20  stm32f10x_tim.o(.text)
    TIM_OC3PreloadConfig                     0x0800636d   Thumb Code    12  stm32f10x_tim.o(.text)
    TIM_OC4PreloadConfig                     0x08006379   Thumb Code    20  stm32f10x_tim.o(.text)
    TIM_OC1FastConfig                        0x0800638d   Thumb Code    12  stm32f10x_tim.o(.text)
    TIM_OC2FastConfig                        0x08006399   Thumb Code    20  stm32f10x_tim.o(.text)
    TIM_OC3FastConfig                        0x080063ad   Thumb Code    12  stm32f10x_tim.o(.text)
    TIM_OC4FastConfig                        0x080063b9   Thumb Code    20  stm32f10x_tim.o(.text)
    TIM_ClearOC1Ref                          0x080063cd   Thumb Code    12  stm32f10x_tim.o(.text)
    TIM_ClearOC2Ref                          0x080063d9   Thumb Code    20  stm32f10x_tim.o(.text)
    TIM_ClearOC3Ref                          0x080063ed   Thumb Code    12  stm32f10x_tim.o(.text)
    TIM_ClearOC4Ref                          0x080063f9   Thumb Code    20  stm32f10x_tim.o(.text)
    TIM_OC1PolarityConfig                    0x0800640d   Thumb Code    12  stm32f10x_tim.o(.text)
    TIM_OC1NPolarityConfig                   0x08006419   Thumb Code    12  stm32f10x_tim.o(.text)
    TIM_OC2PolarityConfig                    0x08006425   Thumb Code    20  stm32f10x_tim.o(.text)
    TIM_OC2NPolarityConfig                   0x08006439   Thumb Code    20  stm32f10x_tim.o(.text)
    TIM_OC3PolarityConfig                    0x0800644d   Thumb Code    20  stm32f10x_tim.o(.text)
    TIM_OC3NPolarityConfig                   0x08006461   Thumb Code    20  stm32f10x_tim.o(.text)
    TIM_OC4PolarityConfig                    0x08006475   Thumb Code    20  stm32f10x_tim.o(.text)
    TIM_CCxCmd                               0x08006489   Thumb Code    22  stm32f10x_tim.o(.text)
    TIM_CCxNCmd                              0x0800649f   Thumb Code    22  stm32f10x_tim.o(.text)
    TIM_SelectOCxM                           0x080064b5   Thumb Code    70  stm32f10x_tim.o(.text)
    TIM_UpdateDisableConfig                  0x080064fb   Thumb Code    20  stm32f10x_tim.o(.text)
    TIM_UpdateRequestConfig                  0x0800650f   Thumb Code    20  stm32f10x_tim.o(.text)
    TIM_SelectHallSensor                     0x08006523   Thumb Code    20  stm32f10x_tim.o(.text)
    TIM_SelectOnePulseMode                   0x08006537   Thumb Code    16  stm32f10x_tim.o(.text)
    TIM_SelectOutputTrigger                  0x08006547   Thumb Code    16  stm32f10x_tim.o(.text)
    TIM_SelectSlaveMode                      0x08006557   Thumb Code    16  stm32f10x_tim.o(.text)
    TIM_SelectMasterSlaveMode                0x08006567   Thumb Code    16  stm32f10x_tim.o(.text)
    TIM_SetCounter                           0x08006577   Thumb Code     4  stm32f10x_tim.o(.text)
    TIM_SetAutoreload                        0x0800657b   Thumb Code     4  stm32f10x_tim.o(.text)
    TIM_SetCompare1                          0x0800657f   Thumb Code     4  stm32f10x_tim.o(.text)
    TIM_SetCompare2                          0x08006583   Thumb Code     4  stm32f10x_tim.o(.text)
    TIM_SetCompare3                          0x08006587   Thumb Code     4  stm32f10x_tim.o(.text)
    TIM_SetCompare4                          0x0800658b   Thumb Code     6  stm32f10x_tim.o(.text)
    TIM_SetClockDivision                     0x08006591   Thumb Code    16  stm32f10x_tim.o(.text)
    TIM_GetCapture1                          0x080065a1   Thumb Code     4  stm32f10x_tim.o(.text)
    TIM_GetCapture2                          0x080065a5   Thumb Code     4  stm32f10x_tim.o(.text)
    TIM_GetCapture3                          0x080065a9   Thumb Code     4  stm32f10x_tim.o(.text)
    TIM_GetCapture4                          0x080065ad   Thumb Code     6  stm32f10x_tim.o(.text)
    TIM_GetCounter                           0x080065b3   Thumb Code     4  stm32f10x_tim.o(.text)
    TIM_GetPrescaler                         0x080065b7   Thumb Code     4  stm32f10x_tim.o(.text)
    TIM_GetFlagStatus                        0x080065bb   Thumb Code    14  stm32f10x_tim.o(.text)
    TIM_ClearFlag                            0x080065c9   Thumb Code     6  stm32f10x_tim.o(.text)
    TIM_GetITStatus                          0x080065cf   Thumb Code    24  stm32f10x_tim.o(.text)
    TIM_ClearITPendingBit                    0x080065e7   Thumb Code     6  stm32f10x_tim.o(.text)
    USART_DeInit                             0x080065ed   Thumb Code    96  stm32f10x_usart.o(.text)
    USART_Init                               0x0800664d   Thumb Code   166  stm32f10x_usart.o(.text)
    USART_StructInit                         0x080066f3   Thumb Code    22  stm32f10x_usart.o(.text)
    USART_ClockInit                          0x08006709   Thumb Code    30  stm32f10x_usart.o(.text)
    USART_ClockStructInit                    0x08006727   Thumb Code    12  stm32f10x_usart.o(.text)
    USART_Cmd                                0x08006733   Thumb Code    20  stm32f10x_usart.o(.text)
    USART_ITConfig                           0x08006747   Thumb Code    48  stm32f10x_usart.o(.text)
    USART_DMACmd                             0x08006777   Thumb Code    16  stm32f10x_usart.o(.text)
    USART_SetAddress                         0x08006787   Thumb Code    16  stm32f10x_usart.o(.text)
    USART_WakeUpConfig                       0x08006797   Thumb Code    16  stm32f10x_usart.o(.text)
    USART_ReceiverWakeUpCmd                  0x080067a7   Thumb Code    20  stm32f10x_usart.o(.text)
    USART_LINBreakDetectLengthConfig         0x080067bb   Thumb Code    16  stm32f10x_usart.o(.text)
    USART_LINCmd                             0x080067cb   Thumb Code    20  stm32f10x_usart.o(.text)
    USART_SendData                           0x080067df   Thumb Code     8  stm32f10x_usart.o(.text)
    USART_ReceiveData                        0x080067e7   Thumb Code     8  stm32f10x_usart.o(.text)
    USART_SendBreak                          0x080067ef   Thumb Code    10  stm32f10x_usart.o(.text)
    USART_SetGuardTime                       0x080067f9   Thumb Code    16  stm32f10x_usart.o(.text)
    USART_SetPrescaler                       0x08006809   Thumb Code    16  stm32f10x_usart.o(.text)
    USART_SmartCardCmd                       0x08006819   Thumb Code    20  stm32f10x_usart.o(.text)
    USART_SmartCardNACKCmd                   0x0800682d   Thumb Code    20  stm32f10x_usart.o(.text)
    USART_HalfDuplexCmd                      0x08006841   Thumb Code    20  stm32f10x_usart.o(.text)
    USART_OverSampling8Cmd                   0x08006855   Thumb Code    20  stm32f10x_usart.o(.text)
    USART_OneBitMethodCmd                    0x08006869   Thumb Code    20  stm32f10x_usart.o(.text)
    USART_IrDAConfig                         0x0800687d   Thumb Code    16  stm32f10x_usart.o(.text)
    USART_IrDACmd                            0x0800688d   Thumb Code    20  stm32f10x_usart.o(.text)
    USART_GetFlagStatus                      0x080068a1   Thumb Code    14  stm32f10x_usart.o(.text)
    USART_ClearFlag                          0x080068af   Thumb Code     6  stm32f10x_usart.o(.text)
    USART_GetITStatus                        0x080068b5   Thumb Code    62  stm32f10x_usart.o(.text)
    USART_ClearITPendingBit                  0x080068f3   Thumb Code    12  stm32f10x_usart.o(.text)
    usmart_sys_cmd_exe                       0x08006915   Thumb Code  1442  usmart.o(.text)
    usmart_reset_runtime                     0x08006eb7   Thumb Code    40  usmart.o(.text)
    usmart_get_runtime                       0x08006edf   Thumb Code    48  usmart.o(.text)
    TIM4_IRQHandler                          0x08006f0f   Thumb Code    50  usmart.o(.text)
    Timer4_Init                              0x08006f41   Thumb Code    90  usmart.o(.text)
    usmart_init                              0x08006f9b   Thumb Code    36  usmart.o(.text)
    usmart_cmd_rec                           0x08006fbf   Thumb Code   144  usmart.o(.text)
    usmart_exe                               0x0800704f   Thumb Code   766  usmart.o(.text)
    usmart_scan                              0x0800734d   Thumb Code    92  usmart.o(.text)
    read_addr                                0x080073a9   Thumb Code     4  usmart.o(.text)
    write_addr                               0x080073ad   Thumb Code     4  usmart.o(.text)
    usmart_strcmp                            0x08007429   Thumb Code    24  usmart_str.o(.text)
    usmart_strcopy                           0x08007441   Thumb Code    18  usmart_str.o(.text)
    usmart_strlen                            0x08007453   Thumb Code    18  usmart_str.o(.text)
    usmart_pow                               0x08007465   Thumb Code    16  usmart_str.o(.text)
    usmart_str2num                           0x08007475   Thumb Code   158  usmart_str.o(.text)
    usmart_get_cmdname                       0x08007513   Thumb Code    46  usmart_str.o(.text)
    usmart_search_nextc                      0x08007541   Thumb Code    16  usmart_str.o(.text)
    usmart_get_fname                         0x08007551   Thumb Code   356  usmart_str.o(.text)
    usmart_get_aparm                         0x080076b5   Thumb Code   156  usmart_str.o(.text)
    usmart_get_parmpos                       0x08007751   Thumb Code    30  usmart_str.o(.text)
    usmart_get_fparam                        0x0800776f   Thumb Code   206  usmart_str.o(.text)
    __use_no_semihosting                     0x08007849   Thumb Code     2  use_no_semi_2.o(.text)
    __2printf                                0x0800784d   Thumb Code    20  noretval__2printf.o(.text)
    __2sprintf                               0x08007865   Thumb Code    34  noretval__2sprintf.o(.text)
    _printf_pre_padding                      0x0800788d   Thumb Code    44  _printf_pad.o(.text)
    _printf_post_padding                     0x080078b9   Thumb Code    34  _printf_pad.o(.text)
    _printf_str                              0x080078db   Thumb Code    82  _printf_str.o(.text)
    _printf_int_dec                          0x0800792d   Thumb Code   104  _printf_dec.o(.text)
    _printf_int_hex                          0x080079a5   Thumb Code    84  _printf_hex_int.o(.text)
    _printf_longlong_hex                     0x080079a5   Thumb Code     0  _printf_hex_int.o(.text)
    __printf                                 0x080079fd   Thumb Code   388  __printf_flags_ss_wp.o(.text)
    __use_two_region_memory                  0x08007b85   Thumb Code     2  heapauxi.o(.text)
    __rt_heap_escrow$2region                 0x08007b87   Thumb Code     2  heapauxi.o(.text)
    __rt_heap_expand$2region                 0x08007b89   Thumb Code     2  heapauxi.o(.text)
    __I$use$semihosting                      0x08007b8b   Thumb Code     0  use_no_semi.o(.text)
    __use_no_semihosting_swi                 0x08007b8b   Thumb Code     2  use_no_semi.o(.text)
    __read_errno                             0x08007b8d   Thumb Code    10  _rserrno.o(.text)
    __set_errno                              0x08007b97   Thumb Code    12  _rserrno.o(.text)
    _printf_int_common                       0x08007ba3   Thumb Code   178  _printf_intcommon.o(.text)
    __lib_sel_fp_printf                      0x08007c55   Thumb Code     2  _printf_fp_dec.o(.text)
    _printf_fp_dec_real                      0x08007e03   Thumb Code   620  _printf_fp_dec.o(.text)
    _printf_char_common                      0x0800807b   Thumb Code    32  _printf_char_common.o(.text)
    _sputc                                   0x080080a1   Thumb Code    10  _sputc.o(.text)
    _printf_cs_common                        0x080080ab   Thumb Code    20  _printf_char.o(.text)
    _printf_char                             0x080080bf   Thumb Code    16  _printf_char.o(.text)
    _printf_string                           0x080080cf   Thumb Code     8  _printf_char.o(.text)
    _printf_char_file                        0x080080d9   Thumb Code    32  _printf_char_file.o(.text)
    __rt_locale                              0x080080fd   Thumb Code     8  rt_locale_intlibspace.o(.text)
    __aeabi_errno_addr                       0x08008105   Thumb Code     8  rt_errno_addr_intlibspace.o(.text)
    __errno$intlibspace                      0x08008105   Thumb Code     0  rt_errno_addr_intlibspace.o(.text)
    __rt_errno_addr$intlibspace              0x08008105   Thumb Code     0  rt_errno_addr_intlibspace.o(.text)
    _ll_udiv10                               0x0800810d   Thumb Code   138  lludiv10.o(.text)
    _printf_fp_infnan                        0x08008199   Thumb Code   112  _printf_fp_infnan.o(.text)
    _btod_etento                             0x08008219   Thumb Code   216  bigflt0.o(.text)
    ferror                                   0x080082f5   Thumb Code     8  ferror.o(.text)
    __user_libspace                          0x080082fd   Thumb Code     8  libspace.o(.text)
    __user_perproc_libspace                  0x080082fd   Thumb Code     0  libspace.o(.text)
    __user_perthread_libspace                0x080082fd   Thumb Code     0  libspace.o(.text)
    __user_setup_stackheap                   0x08008305   Thumb Code    74  sys_stackheap_outer.o(.text)
    exit                                     0x0800834f   Thumb Code    18  exit.o(.text)
    strcmp                                   0x08008361   Thumb Code   128  strcmpv7m.o(.text)
    _btod_d2e                                0x080083e1   Thumb Code    62  btod.o(CL$$btod_d2e)
    _d2e_denorm_low                          0x0800841f   Thumb Code    70  btod.o(CL$$btod_d2e_denorm_low)
    _d2e_norm_op1                            0x08008465   Thumb Code    96  btod.o(CL$$btod_d2e_norm_op1)
    __btod_div_common                        0x080084c5   Thumb Code   696  btod.o(CL$$btod_div_common)
    _e2e                                     0x080087fd   Thumb Code   198  btod.o(CL$$btod_e2e)
    _btod_ediv                               0x080088c3   Thumb Code    40  btod.o(CL$$btod_ediv)
    _btod_emul                               0x080088eb   Thumb Code    40  btod.o(CL$$btod_emul)
    __btod_mult_common                       0x08008913   Thumb Code   580  btod.o(CL$$btod_mult_common)
    __ARM_fpclassify                         0x08008b57   Thumb Code    40  fpclassify.o(i.__ARM_fpclassify)
    __ieee754_rem_pio2                       0x08008b81   Thumb Code   828  rred.o(i.__ieee754_rem_pio2)
    __kernel_poly                            0x08008f09   Thumb Code   170  poly.o(i.__kernel_poly)
    __kernel_tan                             0x08008fb5   Thumb Code   586  tan_i.o(i.__kernel_tan)
    __mathlib_dbl_infnan                     0x08009231   Thumb Code     6  dunder.o(i.__mathlib_dbl_infnan)
    __mathlib_dbl_invalid                    0x08009237   Thumb Code    12  dunder.o(i.__mathlib_dbl_invalid)
    __mathlib_dbl_underflow                  0x08009245   Thumb Code    10  dunder.o(i.__mathlib_dbl_underflow)
    _is_digit                                0x08009255   Thumb Code    14  __printf_wp.o(i._is_digit)
    asin                                     0x08009265   Thumb Code   572  asin.o(i.asin)
    sqrt                                     0x080094d5   Thumb Code    76  sqrt.o(i.sqrt)
    tan                                      0x08009521   Thumb Code    90  tan.o(i.tan)
    _get_lc_numeric                          0x08009585   Thumb Code    44  lc_numeric_c.o(locale$$code)
    __aeabi_d2f                              0x080095b1   Thumb Code     0  d2f.o(x$fpl$d2f)
    _d2f                                     0x080095b1   Thumb Code    98  d2f.o(x$fpl$d2f)
    __aeabi_dadd                             0x08009615   Thumb Code     0  daddsub_clz.o(x$fpl$dadd)
    _dadd                                    0x08009615   Thumb Code   332  daddsub_clz.o(x$fpl$dadd)
    __fpl_dcheck_NaN1                        0x08009765   Thumb Code    10  dcheck1.o(x$fpl$dcheck1)
    __fpl_dcmp_Inf                           0x08009775   Thumb Code    24  dcmpi.o(x$fpl$dcmpinf)
    __aeabi_ddiv                             0x0800978d   Thumb Code     0  ddiv.o(x$fpl$ddiv)
    _ddiv                                    0x0800978d   Thumb Code   552  ddiv.o(x$fpl$ddiv)
    __aeabi_d2iz                             0x08009a3d   Thumb Code     0  dfix.o(x$fpl$dfix)
    _dfix                                    0x08009a3d   Thumb Code    94  dfix.o(x$fpl$dfix)
    __aeabi_d2uiz                            0x08009a9d   Thumb Code     0  dfixu.o(x$fpl$dfixu)
    _dfixu                                   0x08009a9d   Thumb Code    90  dfixu.o(x$fpl$dfixu)
    __aeabi_i2d                              0x08009af7   Thumb Code     0  dflt_clz.o(x$fpl$dflt)
    _dflt                                    0x08009af7   Thumb Code    46  dflt_clz.o(x$fpl$dflt)
    __aeabi_ui2d                             0x08009b25   Thumb Code     0  dflt_clz.o(x$fpl$dfltu)
    _dfltu                                   0x08009b25   Thumb Code    38  dflt_clz.o(x$fpl$dfltu)
    __aeabi_cdcmple                          0x08009b4d   Thumb Code     0  dleqf.o(x$fpl$dleqf)
    _dcmple                                  0x08009b4d   Thumb Code   120  dleqf.o(x$fpl$dleqf)
    __fpl_dcmple_InfNaN                      0x08009baf   Thumb Code     0  dleqf.o(x$fpl$dleqf)
    __aeabi_dmul                             0x08009bc5   Thumb Code     0  dmul.o(x$fpl$dmul)
    _dmul                                    0x08009bc5   Thumb Code   332  dmul.o(x$fpl$dmul)
    __fpl_dnaninf                            0x08009d19   Thumb Code   156  dnaninf.o(x$fpl$dnaninf)
    __fpl_dretinf                            0x08009db5   Thumb Code    12  dretinf.o(x$fpl$dretinf)
    __aeabi_cdrcmple                         0x08009dc1   Thumb Code     0  drleqf.o(x$fpl$drleqf)
    _drcmple                                 0x08009dc1   Thumb Code   108  drleqf.o(x$fpl$drleqf)
    __aeabi_drsub                            0x08009e2d   Thumb Code     0  daddsub_clz.o(x$fpl$drsb)
    _drsb                                    0x08009e2d   Thumb Code    22  daddsub_clz.o(x$fpl$drsb)
    _dsqrt                                   0x08009e45   Thumb Code   456  dsqrt_noumaal.o(x$fpl$dsqrt)
    __aeabi_dsub                             0x0800a011   Thumb Code     0  daddsub_clz.o(x$fpl$dsub)
    _dsub                                    0x0800a011   Thumb Code   464  daddsub_clz.o(x$fpl$dsub)
    __aeabi_f2d                              0x0800a1e5   Thumb Code     0  f2d.o(x$fpl$f2d)
    _f2d                                     0x0800a1e5   Thumb Code    86  f2d.o(x$fpl$f2d)
    __aeabi_fadd                             0x0800a23d   Thumb Code     0  faddsub_clz.o(x$fpl$fadd)
    _fadd                                    0x0800a23d   Thumb Code   196  faddsub_clz.o(x$fpl$fadd)
    __fpl_fcmp_Inf                           0x0800a301   Thumb Code    24  fcmpi.o(x$fpl$fcmpinf)
    __aeabi_fdiv                             0x0800a319   Thumb Code     0  fdiv.o(x$fpl$fdiv)
    _fdiv                                    0x0800a319   Thumb Code   384  fdiv.o(x$fpl$fdiv)
    __aeabi_f2iz                             0x0800a49d   Thumb Code     0  ffix.o(x$fpl$ffix)
    _ffix                                    0x0800a49d   Thumb Code    54  ffix.o(x$fpl$ffix)
    __aeabi_ui2f                             0x0800a4d5   Thumb Code     0  fflt_clz.o(x$fpl$ffltu)
    _ffltu                                   0x0800a4d5   Thumb Code    38  fflt_clz.o(x$fpl$ffltu)
    __aeabi_cfcmple                          0x0800a4fd   Thumb Code     0  fleqf.o(x$fpl$fleqf)
    _fcmple                                  0x0800a4fd   Thumb Code   104  fleqf.o(x$fpl$fleqf)
    __fpl_fcmple_InfNaN                      0x0800a54f   Thumb Code     0  fleqf.o(x$fpl$fleqf)
    __aeabi_fmul                             0x0800a565   Thumb Code     0  fmul.o(x$fpl$fmul)
    _fmul                                    0x0800a565   Thumb Code   258  fmul.o(x$fpl$fmul)
    __fpl_fnaninf                            0x0800a667   Thumb Code   140  fnaninf.o(x$fpl$fnaninf)
    __fpl_fretinf                            0x0800a6f3   Thumb Code    10  fretinf.o(x$fpl$fretinf)
    __aeabi_fsub                             0x0800a6fd   Thumb Code     0  faddsub_clz.o(x$fpl$fsub)
    _fsub                                    0x0800a6fd   Thumb Code   234  faddsub_clz.o(x$fpl$fsub)
    _printf_fp_dec                           0x0800a7e7   Thumb Code     4  printf1.o(x$fpl$printf1)
    __fpl_return_NaN                         0x0800a7eb   Thumb Code   100  retnan.o(x$fpl$retnan)
    __ARM_scalbn                             0x0800a84f   Thumb Code    92  scalbn.o(x$fpl$scalbn)
    __fpl_cmpreturn                          0x0800a8ab   Thumb Code    48  trapv.o(x$fpl$trapveneer)
    __I$use$fp                               0x0800a8da   Number         0  usenofp.o(x$fpl$usenofp)
    asc2_1206                                0x0800a8da   Data        1140  lcd.o(.constdata)
    asc2_1608                                0x0800ad4e   Data        1520  lcd.o(.constdata)
    asc2_2412                                0x0800b33e   Data        3420  lcd.o(.constdata)
    Region$$Table$$Base                      0x0800c5d8   Number         0  anon$$obj.o(Region$$Table)
    Region$$Table$$Limit                     0x0800c5f8   Number         0  anon$$obj.o(Region$$Table)
    mode_key                                 0x20000000   Data           1  main.o(.data)
    SystemCoreClock                          0x20000004   Data           4  system_stm32f10x.o(.data)
    AHBPrescTable                            0x20000008   Data          16  system_stm32f10x.o(.data)
    POINT_COLOR                              0x2000001a   Data           2  lcd.o(.data)
    BACK_COLOR                               0x2000001c   Data           2  lcd.o(.data)
    Un                                       0x20000020   Data           1  rn8209g_spi.o(.data)
    angle_reactive_A                         0x20000021   Data           1  rn8209g_spi.o(.data)
    Ib                                       0x20000024   Data           4  rn8209g_spi.o(.data)
    EC                                       0x20000028   Data           4  rn8209g_spi.o(.data)
    RMSIAreg                                 0x2000002c   Data           4  rn8209g_spi.o(.data)
    RMSIBreg                                 0x20000030   Data           4  rn8209g_spi.o(.data)
    RMSUreg                                  0x20000034   Data           4  rn8209g_spi.o(.data)
    PowerPAreg                               0x20000038   Data           4  rn8209g_spi.o(.data)
    RMSIAreg_adj                             0x2000003c   Data           4  rn8209g_spi.o(.data)
    RMSIBreg_adj                             0x20000040   Data           4  rn8209g_spi.o(.data)
    RMSUreg_adj                              0x20000044   Data           4  rn8209g_spi.o(.data)
    PowerAreg_adj                            0x20000048   Data           4  rn8209g_spi.o(.data)
    TempU                                    0x2000004c   Data           4  rn8209g_spi.o(.data)
    TempIA                                   0x20000050   Data           4  rn8209g_spi.o(.data)
    TempPowerPA                              0x20000054   Data           4  rn8209g_spi.o(.data)
    err_PowerA                               0x20000058   Data           4  rn8209g_spi.o(.data)
    err_Phase_A                              0x2000005c   Data           4  rn8209g_spi.o(.data)
    err_reactive_A                           0x20000060   Data           4  rn8209g_spi.o(.data)
    KiA                                      0x20000064   Data           4  rn8209g_spi.o(.data)
    KiB                                      0x20000068   Data           4  rn8209g_spi.o(.data)
    Ku                                       0x2000006c   Data           4  rn8209g_spi.o(.data)
    Kp                                       0x20000070   Data           4  rn8209g_spi.o(.data)
    USART_RX_STA                             0x20000078   Data           2  usart.o(.data)
    __stdout                                 0x2000007c   Data           4  usart.o(.data)
    sys_cmd_tab                              0x20000094   Data          28  usmart.o(.data)
    usmart_nametab                           0x200000b0   Data         144  usmart_config.o(.data)
    usmart_dev                               0x20000140   Data         244  usmart_config.o(.data)
    data_r                                   0x20000234   Data          16  main.o(.bss)
    dtbuf                                    0x20000244   Data          50  main.o(.bss)
    lcddev                                   0x20000276   Data          14  lcd.o(.bss)
    Adjust_Parameter_Structure               0x20000284   Data          76  rn8209g_spi.o(.bss)
    USART_RX_BUF                             0x200002d0   Data         200  usart.o(.bss)
    __libspace_start                         0x20000398   Data          96  libspace.o(.bss)
    __temporary_stack_top$libspace           0x200003f8   Data           0  libspace.o(.bss)



==============================================================================

Memory Map of the image

  Image Entry point : 0x08000131

  Load Region LR_IROM1 (Base: 0x08000000, Size: 0x0000c848, Max: 0x00080000, ABSOLUTE, COMPRESSED[0x0000c6dc])

    Execution Region ER_IROM1 (Base: 0x08000000, Size: 0x0000c614, Max: 0x00080000, ABSOLUTE)

    Base Addr    Size         Type   Attr      Idx    E Section Name        Object

    0x08000000   0x00000130   Data   RO          348    RESET               startup_stm32f10x_hd.o
    0x08000130   0x00000008   Code   RO          557  * !!!main             c_w.l(__main.o)
    0x08000138   0x00000034   Code   RO          919    !!!scatter          c_w.l(__scatter.o)
    0x0800016c   0x0000005a   Code   RO          917    !!dczerorl2         c_w.l(__dczerorl2.o)
    0x080001c6   0x00000002   PAD
    0x080001c8   0x0000001c   Code   RO          921    !!handler_zi        c_w.l(__scatter_zi.o)
    0x080001e4   0x00000000   Code   RO          554    .ARM.Collect$$_printf_percent$$00000000  c_w.l(_printf_percent.o)
    0x080001e4   0x00000006   Code   RO          553    .ARM.Collect$$_printf_percent$$00000003  c_w.l(_printf_f.o)
    0x080001ea   0x00000006   Code   RO          551    .ARM.Collect$$_printf_percent$$00000009  c_w.l(_printf_d.o)
    0x080001f0   0x00000006   Code   RO          552    .ARM.Collect$$_printf_percent$$0000000A  c_w.l(_printf_u.o)
    0x080001f6   0x00000006   Code   RO          550    .ARM.Collect$$_printf_percent$$0000000C  c_w.l(_printf_x.o)
    0x080001fc   0x00000006   Code   RO          548    .ARM.Collect$$_printf_percent$$00000013  c_w.l(_printf_c.o)
    0x08000202   0x00000006   Code   RO          549    .ARM.Collect$$_printf_percent$$00000014  c_w.l(_printf_s.o)
    0x08000208   0x00000004   Code   RO          652    .ARM.Collect$$_printf_percent$$00000017  c_w.l(_printf_percent_end.o)
    0x0800020c   0x00000002   Code   RO          790    .ARM.Collect$$libinit$$00000000  c_w.l(libinit.o)
    0x0800020e   0x00000000   Code   RO          792    .ARM.Collect$$libinit$$00000002  c_w.l(libinit2.o)
    0x0800020e   0x00000000   Code   RO          794    .ARM.Collect$$libinit$$00000004  c_w.l(libinit2.o)
    0x0800020e   0x00000000   Code   RO          797    .ARM.Collect$$libinit$$0000000A  c_w.l(libinit2.o)
    0x0800020e   0x00000000   Code   RO          799    .ARM.Collect$$libinit$$0000000C  c_w.l(libinit2.o)
    0x0800020e   0x00000000   Code   RO          801    .ARM.Collect$$libinit$$0000000E  c_w.l(libinit2.o)
    0x0800020e   0x00000006   Code   RO          802    .ARM.Collect$$libinit$$0000000F  c_w.l(libinit2.o)
    0x08000214   0x00000000   Code   RO          804    .ARM.Collect$$libinit$$00000011  c_w.l(libinit2.o)
    0x08000214   0x00000000   Code   RO          806    .ARM.Collect$$libinit$$00000013  c_w.l(libinit2.o)
    0x08000214   0x00000000   Code   RO          808    .ARM.Collect$$libinit$$00000015  c_w.l(libinit2.o)
    0x08000214   0x0000000a   Code   RO          809    .ARM.Collect$$libinit$$00000016  c_w.l(libinit2.o)
    0x0800021e   0x00000000   Code   RO          810    .ARM.Collect$$libinit$$00000017  c_w.l(libinit2.o)
    0x0800021e   0x00000000   Code   RO          812    .ARM.Collect$$libinit$$00000019  c_w.l(libinit2.o)
    0x0800021e   0x00000000   Code   RO          814    .ARM.Collect$$libinit$$0000001B  c_w.l(libinit2.o)
    0x0800021e   0x00000000   Code   RO          816    .ARM.Collect$$libinit$$0000001D  c_w.l(libinit2.o)
    0x0800021e   0x00000000   Code   RO          818    .ARM.Collect$$libinit$$0000001F  c_w.l(libinit2.o)
    0x0800021e   0x00000000   Code   RO          820    .ARM.Collect$$libinit$$00000021  c_w.l(libinit2.o)
    0x0800021e   0x00000000   Code   RO          822    .ARM.Collect$$libinit$$00000023  c_w.l(libinit2.o)
    0x0800021e   0x00000000   Code   RO          824    .ARM.Collect$$libinit$$00000025  c_w.l(libinit2.o)
    0x0800021e   0x00000000   Code   RO          828    .ARM.Collect$$libinit$$0000002C  c_w.l(libinit2.o)
    0x0800021e   0x00000000   Code   RO          830    .ARM.Collect$$libinit$$0000002E  c_w.l(libinit2.o)
    0x0800021e   0x00000000   Code   RO          832    .ARM.Collect$$libinit$$00000030  c_w.l(libinit2.o)
    0x0800021e   0x00000000   Code   RO          834    .ARM.Collect$$libinit$$00000032  c_w.l(libinit2.o)
    0x0800021e   0x00000002   Code   RO          835    .ARM.Collect$$libinit$$00000033  c_w.l(libinit2.o)
    0x08000220   0x00000002   Code   RO          867    .ARM.Collect$$libshutdown$$00000000  c_w.l(libshutdown.o)
    0x08000222   0x00000000   Code   RO          876    .ARM.Collect$$libshutdown$$00000002  c_w.l(libshutdown2.o)
    0x08000222   0x00000000   Code   RO          878    .ARM.Collect$$libshutdown$$00000004  c_w.l(libshutdown2.o)
    0x08000222   0x00000000   Code   RO          881    .ARM.Collect$$libshutdown$$00000007  c_w.l(libshutdown2.o)
    0x08000222   0x00000000   Code   RO          884    .ARM.Collect$$libshutdown$$0000000A  c_w.l(libshutdown2.o)
    0x08000222   0x00000000   Code   RO          886    .ARM.Collect$$libshutdown$$0000000C  c_w.l(libshutdown2.o)
    0x08000222   0x00000000   Code   RO          889    .ARM.Collect$$libshutdown$$0000000F  c_w.l(libshutdown2.o)
    0x08000222   0x00000002   Code   RO          890    .ARM.Collect$$libshutdown$$00000010  c_w.l(libshutdown2.o)
    0x08000224   0x00000000   Code   RO          637    .ARM.Collect$$rtentry$$00000000  c_w.l(__rtentry.o)
    0x08000224   0x00000000   Code   RO          706    .ARM.Collect$$rtentry$$00000002  c_w.l(__rtentry2.o)
    0x08000224   0x00000006   Code   RO          718    .ARM.Collect$$rtentry$$00000004  c_w.l(__rtentry4.o)
    0x0800022a   0x00000000   Code   RO          708    .ARM.Collect$$rtentry$$00000009  c_w.l(__rtentry2.o)
    0x0800022a   0x00000004   Code   RO          709    .ARM.Collect$$rtentry$$0000000A  c_w.l(__rtentry2.o)
    0x0800022e   0x00000000   Code   RO          711    .ARM.Collect$$rtentry$$0000000C  c_w.l(__rtentry2.o)
    0x0800022e   0x00000008   Code   RO          712    .ARM.Collect$$rtentry$$0000000D  c_w.l(__rtentry2.o)
    0x08000236   0x00000002   Code   RO          838    .ARM.Collect$$rtexit$$00000000  c_w.l(rtexit.o)
    0x08000238   0x00000000   Code   RO          847    .ARM.Collect$$rtexit$$00000002  c_w.l(rtexit2.o)
    0x08000238   0x00000004   Code   RO          848    .ARM.Collect$$rtexit$$00000003  c_w.l(rtexit2.o)
    0x0800023c   0x00000006   Code   RO          849    .ARM.Collect$$rtexit$$00000004  c_w.l(rtexit2.o)
    0x08000242   0x00000002   PAD
    0x08000244   0x00000468   Code   RO            1    .text               main.o
    0x080006ac   0x00000012   Code   RO          146    .text               stm32f10x_it.o
    0x080006be   0x00000002   PAD
    0x080006c0   0x00000158   Code   RO          187    .text               system_stm32f10x.o
    0x08000818   0x00000114   Code   RO          217    .text               key.o
    0x0800092c   0x00003bf0   Code   RO          230    .text               lcd.o
    0x0800451c   0x000009ac   Code   RO          254    .text               rn8209g_spi.o
    0x08004ec8   0x00000098   Code   RO          281    .text               delay.o
    0x08004f60   0x00000114   Code   RO          312    .text               usart.o
    0x08005074   0x00000040   Code   RO          349    .text               startup_stm32f10x_hd.o
    0x080050b4   0x000000b0   Code   RO          353    .text               misc.o
    0x08005164   0x0000047c   Code   RO          365    .text               stm32f10x_fsmc.o
    0x080055e0   0x00000264   Code   RO          377    .text               stm32f10x_gpio.o
    0x08005844   0x000002b8   Code   RO          389    .text               stm32f10x_rcc.o
    0x08005afc   0x00000af0   Code   RO          403    .text               stm32f10x_tim.o
    0x080065ec   0x00000328   Code   RO          416    .text               stm32f10x_usart.o
    0x08006914   0x00000b14   Code   RO          440    .text               usmart.o
    0x08007428   0x00000420   Code   RO          474    .text               usmart_str.o
    0x08007848   0x00000002   Code   RO          489    .text               c_w.l(use_no_semi_2.o)
    0x0800784a   0x00000002   PAD
    0x0800784c   0x00000018   Code   RO          495    .text               c_w.l(noretval__2printf.o)
    0x08007864   0x00000028   Code   RO          497    .text               c_w.l(noretval__2sprintf.o)
    0x0800788c   0x0000004e   Code   RO          501    .text               c_w.l(_printf_pad.o)
    0x080078da   0x00000052   Code   RO          503    .text               c_w.l(_printf_str.o)
    0x0800792c   0x00000078   Code   RO          505    .text               c_w.l(_printf_dec.o)
    0x080079a4   0x00000058   Code   RO          510    .text               c_w.l(_printf_hex_int.o)
    0x080079fc   0x00000188   Code   RO          545    .text               c_w.l(__printf_flags_ss_wp.o)
    0x08007b84   0x00000006   Code   RO          555    .text               c_w.l(heapauxi.o)
    0x08007b8a   0x00000002   Code   RO          635    .text               c_w.l(use_no_semi.o)
    0x08007b8c   0x00000016   Code   RO          638    .text               c_w.l(_rserrno.o)
    0x08007ba2   0x000000b2   Code   RO          640    .text               c_w.l(_printf_intcommon.o)
    0x08007c54   0x0000041a   Code   RO          642    .text               c_w.l(_printf_fp_dec.o)
    0x0800806e   0x00000002   PAD
    0x08008070   0x00000030   Code   RO          644    .text               c_w.l(_printf_char_common.o)
    0x080080a0   0x0000000a   Code   RO          646    .text               c_w.l(_sputc.o)
    0x080080aa   0x0000002c   Code   RO          648    .text               c_w.l(_printf_char.o)
    0x080080d6   0x00000002   PAD
    0x080080d8   0x00000024   Code   RO          650    .text               c_w.l(_printf_char_file.o)
    0x080080fc   0x00000008   Code   RO          723    .text               c_w.l(rt_locale_intlibspace.o)
    0x08008104   0x00000008   Code   RO          728    .text               c_w.l(rt_errno_addr_intlibspace.o)
    0x0800810c   0x0000008a   Code   RO          730    .text               c_w.l(lludiv10.o)
    0x08008196   0x00000002   PAD
    0x08008198   0x00000080   Code   RO          732    .text               c_w.l(_printf_fp_infnan.o)
    0x08008218   0x000000dc   Code   RO          736    .text               c_w.l(bigflt0.o)
    0x080082f4   0x00000008   Code   RO          761    .text               c_w.l(ferror.o)
    0x080082fc   0x00000008   Code   RO          776    .text               c_w.l(libspace.o)
    0x08008304   0x0000004a   Code   RO          779    .text               c_w.l(sys_stackheap_outer.o)
    0x0800834e   0x00000012   Code   RO          781    .text               c_w.l(exit.o)
    0x08008360   0x00000080   Code   RO          783    .text               c_w.l(strcmpv7m.o)
    0x080083e0   0x0000003e   Code   RO          739    CL$$btod_d2e        c_w.l(btod.o)
    0x0800841e   0x00000046   Code   RO          741    CL$$btod_d2e_denorm_low  c_w.l(btod.o)
    0x08008464   0x00000060   Code   RO          740    CL$$btod_d2e_norm_op1  c_w.l(btod.o)
    0x080084c4   0x00000338   Code   RO          749    CL$$btod_div_common  c_w.l(btod.o)
    0x080087fc   0x000000c6   Code   RO          746    CL$$btod_e2e        c_w.l(btod.o)
    0x080088c2   0x00000028   Code   RO          743    CL$$btod_ediv       c_w.l(btod.o)
    0x080088ea   0x00000028   Code   RO          742    CL$$btod_emul       c_w.l(btod.o)
    0x08008912   0x00000244   Code   RO          748    CL$$btod_mult_common  c_w.l(btod.o)
    0x08008b56   0x00000028   Code   RO          682    i.__ARM_fpclassify  m_ws.l(fpclassify.o)
    0x08008b7e   0x00000002   PAD
    0x08008b80   0x00000388   Code   RO          686    i.__ieee754_rem_pio2  m_ws.l(rred.o)
    0x08008f08   0x000000aa   Code   RO          684    i.__kernel_poly     m_ws.l(poly.o)
    0x08008fb2   0x00000002   PAD
    0x08008fb4   0x0000027c   Code   RO          699    i.__kernel_tan      m_ws.l(tan_i.o)
    0x08009230   0x00000006   Code   RO          669    i.__mathlib_dbl_infnan  m_ws.l(dunder.o)
    0x08009236   0x0000000c   Code   RO          671    i.__mathlib_dbl_invalid  m_ws.l(dunder.o)
    0x08009242   0x00000002   PAD
    0x08009244   0x00000010   Code   RO          674    i.__mathlib_dbl_underflow  m_ws.l(dunder.o)
    0x08009254   0x0000000e   Code   RO          538    i._is_digit         c_w.l(__printf_wp.o)
    0x08009262   0x00000002   PAD
    0x08009264   0x00000270   Code   RO          618    i.asin              m_ws.l(asin.o)
    0x080094d4   0x0000004c   Code   RO          692    i.sqrt              m_ws.l(sqrt.o)
    0x08009520   0x00000064   Code   RO          628    i.tan               m_ws.l(tan.o)
    0x08009584   0x0000002c   Code   RO          766    locale$$code        c_w.l(lc_numeric_c.o)
    0x080095b0   0x00000062   Code   RO          559    x$fpl$d2f           fz_ws.l(d2f.o)
    0x08009612   0x00000002   PAD
    0x08009614   0x00000150   Code   RO          561    x$fpl$dadd          fz_ws.l(daddsub_clz.o)
    0x08009764   0x00000010   Code   RO          768    x$fpl$dcheck1       fz_ws.l(dcheck1.o)
    0x08009774   0x00000018   Code   RO          770    x$fpl$dcmpinf       fz_ws.l(dcmpi.o)
    0x0800978c   0x000002b0   Code   RO          568    x$fpl$ddiv          fz_ws.l(ddiv.o)
    0x08009a3c   0x0000005e   Code   RO          571    x$fpl$dfix          fz_ws.l(dfix.o)
    0x08009a9a   0x00000002   PAD
    0x08009a9c   0x0000005a   Code   RO          575    x$fpl$dfixu         fz_ws.l(dfixu.o)
    0x08009af6   0x0000002e   Code   RO          580    x$fpl$dflt          fz_ws.l(dflt_clz.o)
    0x08009b24   0x00000026   Code   RO          579    x$fpl$dfltu         fz_ws.l(dflt_clz.o)
    0x08009b4a   0x00000002   PAD
    0x08009b4c   0x00000078   Code   RO          653    x$fpl$dleqf         fz_ws.l(dleqf.o)
    0x08009bc4   0x00000154   Code   RO          585    x$fpl$dmul          fz_ws.l(dmul.o)
    0x08009d18   0x0000009c   Code   RO          655    x$fpl$dnaninf       fz_ws.l(dnaninf.o)
    0x08009db4   0x0000000c   Code   RO          657    x$fpl$dretinf       fz_ws.l(dretinf.o)
    0x08009dc0   0x0000006c   Code   RO          587    x$fpl$drleqf        fz_ws.l(drleqf.o)
    0x08009e2c   0x00000016   Code   RO          562    x$fpl$drsb          fz_ws.l(daddsub_clz.o)
    0x08009e42   0x00000002   PAD
    0x08009e44   0x000001cc   Code   RO          772    x$fpl$dsqrt         fz_ws.l(dsqrt_noumaal.o)
    0x0800a010   0x000001d4   Code   RO          563    x$fpl$dsub          fz_ws.l(daddsub_clz.o)
    0x0800a1e4   0x00000056   Code   RO          589    x$fpl$f2d           fz_ws.l(f2d.o)
    0x0800a23a   0x00000002   PAD
    0x0800a23c   0x000000c4   Code   RO          591    x$fpl$fadd          fz_ws.l(faddsub_clz.o)
    0x0800a300   0x00000018   Code   RO          659    x$fpl$fcmpinf       fz_ws.l(fcmpi.o)
    0x0800a318   0x00000184   Code   RO          598    x$fpl$fdiv          fz_ws.l(fdiv.o)
    0x0800a49c   0x00000036   Code   RO          601    x$fpl$ffix          fz_ws.l(ffix.o)
    0x0800a4d2   0x00000002   PAD
    0x0800a4d4   0x00000026   Code   RO          605    x$fpl$ffltu         fz_ws.l(fflt_clz.o)
    0x0800a4fa   0x00000002   PAD
    0x0800a4fc   0x00000068   Code   RO          611    x$fpl$fleqf         fz_ws.l(fleqf.o)
    0x0800a564   0x00000102   Code   RO          613    x$fpl$fmul          fz_ws.l(fmul.o)
    0x0800a666   0x0000008c   Code   RO          661    x$fpl$fnaninf       fz_ws.l(fnaninf.o)
    0x0800a6f2   0x0000000a   Code   RO          663    x$fpl$fretinf       fz_ws.l(fretinf.o)
    0x0800a6fc   0x000000ea   Code   RO          593    x$fpl$fsub          fz_ws.l(faddsub_clz.o)
    0x0800a7e6   0x00000004   Code   RO          615    x$fpl$printf1       fz_ws.l(printf1.o)
    0x0800a7ea   0x00000064   Code   RO          836    x$fpl$retnan        fz_ws.l(retnan.o)
    0x0800a84e   0x0000005c   Code   RO          665    x$fpl$scalbn        fz_ws.l(scalbn.o)
    0x0800a8aa   0x00000030   Code   RO          844    x$fpl$trapveneer    fz_ws.l(trapv.o)
    0x0800a8da   0x00000000   Code   RO          667    x$fpl$usenofp       fz_ws.l(usenofp.o)
    0x0800a8da   0x000017c0   Data   RO          232    .constdata          lcd.o
    0x0800c09a   0x00000028   Data   RO          511    .constdata          c_w.l(_printf_hex_int.o)
    0x0800c0c2   0x00000011   Data   RO          546    .constdata          c_w.l(__printf_flags_ss_wp.o)
    0x0800c0d3   0x00000005   PAD
    0x0800c0d8   0x00000050   Data   RO          619    .constdata          m_ws.l(asin.o)
    0x0800c128   0x000000c8   Data   RO          688    .constdata          m_ws.l(rred.o)
    0x0800c1f0   0x00000060   Data   RO          700    .constdata          m_ws.l(tan_i.o)
    0x0800c250   0x00000094   Data   RO          737    .constdata          c_w.l(bigflt0.o)
    0x0800c2e4   0x00000028   Data   RO          441    .conststring        usmart.o
    0x0800c30c   0x000002cb   Data   RO          457    .conststring        usmart_config.o
    0x0800c5d7   0x00000001   PAD
    0x0800c5d8   0x00000020   Data   RO          915    Region$$Table       anon$$obj.o
    0x0800c5f8   0x0000001c   Data   RO          765    locale$$data        c_w.l(lc_numeric_c.o)


    Execution Region RW_IRAM1 (Base: 0x20000000, Size: 0x000009f8, Max: 0x00010000, ABSOLUTE, COMPRESSED[0x000000c8])

    Base Addr    Size         Type   Attr      Idx    E Section Name        Object

    0x20000000   0x00000001   Data   RW            6    .data               main.o
    0x20000001   0x00000003   PAD
    0x20000004   0x00000014   Data   RW          188    .data               system_stm32f10x.o
    0x20000018   0x00000001   Data   RW          218    .data               key.o
    0x20000019   0x00000001   PAD
    0x2000001a   0x00000004   Data   RW          233    .data               lcd.o
    0x2000001e   0x00000002   PAD
    0x20000020   0x00000054   Data   RW          256    .data               rn8209g_spi.o
    0x20000074   0x00000004   Data   RW          282    .data               delay.o
    0x20000078   0x00000002   Data   RW          314    .data               usart.o
    0x2000007a   0x00000002   PAD
    0x2000007c   0x00000004   Data   RW          315    .data               usart.o
    0x20000080   0x00000014   Data   RW          390    .data               stm32f10x_rcc.o
    0x20000094   0x0000001c   Data   RW          442    .data               usmart.o
    0x200000b0   0x00000090   Data   RW          458    .data               usmart_config.o
    0x20000140   0x000000f4   Data   RW          459    .data               usmart_config.o
    0x20000234   0x00000010   Zero   RW            2    .bss                main.o
    0x20000244   0x00000032   Zero   RW            3    .bss                main.o
    0x20000276   0x0000000e   Zero   RW          231    .bss                lcd.o
    0x20000284   0x0000004c   Zero   RW          255    .bss                rn8209g_spi.o
    0x200002d0   0x000000c8   Zero   RW          313    .bss                usart.o
    0x20000398   0x00000060   Zero   RW          777    .bss                c_w.l(libspace.o)
    0x200003f8   0x00000200   Zero   RW          347    HEAP                startup_stm32f10x_hd.o
    0x200005f8   0x00000400   Zero   RW          346    STACK               startup_stm32f10x_hd.o


==============================================================================

Image component sizes


      Code (inc. data)   RO Data    RW Data    ZI Data      Debug   Object Name

       152         14          0          4          0       1095   delay.o
       276         14          0          1          0        936   key.o
     15344        118       6080          4         14      55252   lcd.o
      1128        246          0          1         66     264818   main.o
       176         14          0          0          0       1909   misc.o
      2476        162          0         84         76       6303   rn8209g_spi.o
        64         26        304          0       1536        788   startup_stm32f10x_hd.o
      1148          6          0          0          0       5871   stm32f10x_fsmc.o
       612         36          0          0          0       6037   stm32f10x_gpio.o
        18          0          0          0          0       1162   stm32f10x_it.o
       696         32          0         20          0       9020   stm32f10x_rcc.o
      2800         84          0          0          0      23974   stm32f10x_tim.o
       808         22          0          0          0       8900   stm32f10x_usart.o
         0          0          0          0          0         32   sys.o
       344         34          0         20          0       1795   system_stm32f10x.o
       276         16          0          6        200       3254   usart.o
      2836       1290         40         28          0       4620   usmart.o
         0          0        715        388          0       1644   usmart_config.o
      1056         12          0          0          0       6059   usmart_str.o

    ----------------------------------------------------------------------
     30212       2126       7172        564       1892     403469   Object Totals
         0          0         32          0          0          0   (incl. Generated)
         2          0          1          8          0          0   (incl. Padding)

    ----------------------------------------------------------------------

      Code (inc. data)   RO Data    RW Data    ZI Data      Debug   Library Member Name

        90          0          0          0          0          0   __dczerorl2.o
         8          0          0          0          0         68   __main.o
       392          4         17          0          0         92   __printf_flags_ss_wp.o
        14          0          0          0          0         68   __printf_wp.o
         0          0          0          0          0          0   __rtentry.o
        12          0          0          0          0          0   __rtentry2.o
         6          0          0          0          0          0   __rtentry4.o
        52          8          0          0          0          0   __scatter.o
        28          0          0          0          0          0   __scatter_zi.o
         6          0          0          0          0          0   _printf_c.o
        44          0          0          0          0        108   _printf_char.o
        48          6          0          0          0         96   _printf_char_common.o
        36          4          0          0          0         80   _printf_char_file.o
         6          0          0          0          0          0   _printf_d.o
       120         16          0          0          0         92   _printf_dec.o
         6          0          0          0          0          0   _printf_f.o
      1050          0          0          0          0        216   _printf_fp_dec.o
       128         16          0          0          0         84   _printf_fp_infnan.o
        88          4         40          0          0         88   _printf_hex_int.o
       178          0          0          0          0         88   _printf_intcommon.o
        78          0          0          0          0        108   _printf_pad.o
         0          0          0          0          0          0   _printf_percent.o
         4          0          0          0          0          0   _printf_percent_end.o
         6          0          0          0          0          0   _printf_s.o
        82          0          0          0          0         80   _printf_str.o
         6          0          0          0          0          0   _printf_u.o
         6          0          0          0          0          0   _printf_x.o
        22          0          0          0          0        100   _rserrno.o
        10          0          0          0          0         68   _sputc.o
       220          4        148          0          0         96   bigflt0.o
      1910        128          0          0          0        672   btod.o
        18          0          0          0          0         80   exit.o
         8          0          0          0          0         68   ferror.o
         6          0          0          0          0        152   heapauxi.o
        44         10         28          0          0         76   lc_numeric_c.o
         2          0          0          0          0          0   libinit.o
        18          0          0          0          0          0   libinit2.o
         2          0          0          0          0          0   libshutdown.o
         2          0          0          0          0          0   libshutdown2.o
         8          4          0          0         96         68   libspace.o
       138          0          0          0          0         80   lludiv10.o
        24          4          0          0          0         84   noretval__2printf.o
        40          6          0          0          0         84   noretval__2sprintf.o
         8          4          0          0          0         68   rt_errno_addr_intlibspace.o
         8          4          0          0          0         68   rt_locale_intlibspace.o
         2          0          0          0          0          0   rtexit.o
        10          0          0          0          0          0   rtexit2.o
       128          0          0          0          0         68   strcmpv7m.o
        74          0          0          0          0         80   sys_stackheap_outer.o
         2          0          0          0          0         68   use_no_semi.o
         2          0          0          0          0         68   use_no_semi_2.o
        98          4          0          0          0         92   d2f.o
       826         16          0          0          0        348   daddsub_clz.o
        16          4          0          0          0         68   dcheck1.o
        24          0          0          0          0         68   dcmpi.o
       688        140          0          0          0        208   ddiv.o
        94          4          0          0          0         92   dfix.o
        90          4          0          0          0         92   dfixu.o
        84          0          0          0          0        136   dflt_clz.o
       120          4          0          0          0         92   dleqf.o
       340         12          0          0          0        104   dmul.o
       156          4          0          0          0         92   dnaninf.o
        12          0          0          0          0         68   dretinf.o
       108          0          0          0          0         80   drleqf.o
       460         56          0          0          0        120   dsqrt_noumaal.o
        86          4          0          0          0         84   f2d.o
       430          8          0          0          0        168   faddsub_clz.o
        24          0          0          0          0         68   fcmpi.o
       388         76          0          0          0         96   fdiv.o
        54          4          0          0          0         84   ffix.o
        38          0          0          0          0         68   fflt_clz.o
       104          4          0          0          0         84   fleqf.o
       258          4          0          0          0         84   fmul.o
       140          4          0          0          0         84   fnaninf.o
        10          0          0          0          0         68   fretinf.o
         4          0          0          0          0         68   printf1.o
       100          0          0          0          0         68   retnan.o
        92          0          0          0          0         68   scalbn.o
        48          0          0          0          0         68   trapv.o
         0          0          0          0          0          0   usenofp.o
       624         52         80          0          0        168   asin.o
        34          6          0          0          0        204   dunder.o
        40          0          0          0          0         68   fpclassify.o
       170          0          0          0          0         96   poly.o
       904         76        200          0          0        140   rred.o
        76          0          0          0          0         84   sqrt.o
       100         10          0          0          0         96   tan.o
       636         50         96          0          0        168   tan_i.o

    ----------------------------------------------------------------------
     12710        768        614          0         96       7160   Library Totals
        34          0          5          0          0          0   (incl. Padding)

    ----------------------------------------------------------------------

      Code (inc. data)   RO Data    RW Data    ZI Data      Debug   Library Name

      5200        222        233          0         96       3316   c_w.l
      4892        352          0          0          0       2820   fz_ws.l
      2584        194        376          0          0       1024   m_ws.l

    ----------------------------------------------------------------------
     12710        768        614          0         96       7160   Library Totals

    ----------------------------------------------------------------------

==============================================================================


      Code (inc. data)   RO Data    RW Data    ZI Data      Debug   

     42922       2894       7786        564       1988     404437   Grand Totals
     42922       2894       7786        200       1988     404437   ELF Image Totals (compressed)
     42922       2894       7786        200          0          0   ROM Totals

==============================================================================

    Total RO  Size (Code + RO Data)                50708 (  49.52kB)
    Total RW  Size (RW Data + ZI Data)              2552 (   2.49kB)
    Total ROM Size (Code + RO Data + RW Data)      50908 (  49.71kB)

==============================================================================

